=============================================
 Helm CrashLoopBackOff Remediation Demo (#135)
=============================================

==> [spoke=/Users/jgil/.kube/kubernaut-remote-cluster-config] Deploying namespace and alerting rules...
==> [fleet] Deploying workload manifests to spoke (skipping operator monitoring kinds -- see fleet_deploy_monitoring)...
    namespace/demo-storefront created
  Applied 1 document(s) to spoke, skipped 1 (monitoring kinds).
  [fleet] kube-state-metrics already deployed on spoke.
==> [fleet] Deploying monitoring CRDs to spoke (operator-native, no config surgery)...
    prometheusrule.monitoring.coreos.com/demo-app-alerts created
    Set cluster=remote-cluster on alert rules in doc-1.yaml.
  Applied 1 monitoring document(s) to spoke, skipped 1 (workload kinds).
==> [spoke] Installing workload via Helm chart...
Release "demo-storefront" does not exist. Installing it now.
NAME: demo-storefront
LAST DEPLOYED: Thu Oct  1 15:47:35 2026
NAMESPACE: demo-storefront
STATUS: deployed
REVISION: 1
DESCRIPTION: Install complete
TEST SUITE: None
  Helm release installed. Deployment has app.kubernetes.io/managed-by: Helm label.
NAME                      READY   STATUS    RESTARTS   AGE
worker-55f949bcdf-kmzfl   1/1     Running   0          12s
worker-55f949bcdf-wfrqz   1/1     Running   0          12s

==> [spoke] Establishing healthy baseline (20s)...
  Baseline established.

==> [spoke] Injecting invalid nginx config via helm upgrade...
==> Upgrading Helm release with bad nginx config...
Release "demo-storefront" has been upgraded. Happy Helming!
NAME: demo-storefront
LAST DEPLOYED: Thu Oct  1 15:48:08 2026
NAMESPACE: demo-storefront
STATUS: deployed
REVISION: 2
DESCRIPTION: Upgrade complete
TEST SUITE: None
==> Bad config injected via helm upgrade. Pods will crash on startup with:
     nginx: [emerg] unknown directive "invalid_directive_that_breaks_nginx"
==> Helm history: helm history demo-storefront -n demo-storefront

  Waiting for pods to start crashing...
NAME                      READY   STATUS             RESTARTS     AGE
worker-55f949bcdf-kmzfl   1/1     Running            0            43s
worker-55f949bcdf-wfrqz   1/1     Running            0            43s
worker-7db6dfdc68-gmmn9   0/1     CrashLoopBackOff   1 (7s ago)   10s

==> [spoke] Fault injected. Run fleet/hub.sh (or ../run.sh) to confirm the alert on the hub.

==> [hub=/Users/jgil/.kube/kubernaut-hub-config] Waiting for alert...
==> [fleet] Waiting for alert 'KubePodCrashLooping' (namespace=demo-storefront, cluster=remote-cluster) on hub Alertmanager (timeout 900s)...
  alert 'KubePodCrashLooping' (namespace=demo-storefront, cluster=remote-cluster) is firing.

==> Alert is firing. Driving full remediation pipeline on the hub (--auto-approve)...
==> [hub=/Users/jgil/.kube/kubernaut-hub-config] Waiting for alert...
==> [fleet] Waiting for alert 'KubePodCrashLooping' (namespace=demo-storefront, cluster=remote-cluster) on hub Alertmanager (timeout 900s)...
  alert 'KubePodCrashLooping' (namespace=demo-storefront, cluster=remote-cluster) is firing.

==> Alert is firing. Driving full remediation pipeline on the hub (--auto-approve)...
[15:49:18] Waiting for RemediationRequest (target: demo-storefront)...
[15:51:21] Timed out waiting for RemediationRequest after 120s
