==> [spoke=/Users/jgil/.kube/kubernaut-remote-cluster-config] Applying the scheduling taint...
==> Adding NoSchedule taint to node/kubernaut-remote-cluster-worker-1790996710...
node/kubernaut-remote-cluster-worker-1790996710 modified
==> Taint applied to node/kubernaut-remote-cluster-worker-1790996710. Pods pinned to this node will remain Pending.
==> [spoke] Deploying scenario resources...
==> [fleet] Deploying workload manifests to spoke (skipping operator monitoring kinds -- see fleet_deploy_monitoring)...
    namespace/demo-scheduler created
    configmap/batch-processor-config created
    service/batch-processor created
    deployment.apps/batch-processor created
  Applied 4 document(s) to spoke, skipped 2 (monitoring kinds).
  [fleet] kube-state-metrics already deployed on spoke.
==> [fleet] Deploying monitoring CRDs to spoke (operator-native, no config surgery)...
    prometheusrule.monitoring.coreos.com/demo-app-alerts created
    Set cluster=remote-cluster on alert rules in doc-4.yaml.
    servicemonitor.monitoring.coreos.com/demo-app-metrics created
  Applied 2 monitoring document(s) to spoke, skipped 4 (workload kinds).
NAME                              READY   STATUS    RESTARTS   AGE   IP       NODE     NOMINATED NODE   READINESS GATES
batch-processor-6547d9848-fld9m   0/1     Pending   0          6s    <none>   <none>   <none>           <none>
batch-processor-6547d9848-zkrkd   0/1     Pending   0          6s    <none>   <none>   <none>           <none>
==> [spoke] Pods should remain Pending until remove-taint-v1 runs.
==> [fleet] Waiting for alert 'KubePodNotScheduled' (namespace=demo-scheduler, cluster=remote-cluster) on hub Alertmanager (timeout 480s)...
  alert 'KubePodNotScheduled' (namespace=demo-scheduler, cluster=remote-cluster) is firing.
==> [fleet] Waiting for alert 'KubePodNotScheduled' (namespace=demo-scheduler, cluster=remote-cluster) on hub Alertmanager (timeout 480s)...
  alert 'KubePodNotScheduled' (namespace=demo-scheduler, cluster=remote-cluster) is firing.
[07:35:40] Waiting for RemediationRequest (target: demo-scheduler)...
[07:35:40] RemediationRequest rr-825b58c1ca42-ffa5cb04 created -> Phase: Analyzing
[07:35:40] Polling pipeline (timeout: 600s, approval: --auto-approve)...
[07:35:40] AI Analysis in progress...
[07:36:52] Phase: Analyzing -> Executing

           AI Analysis
           ──────────────────────────────────────────
           Root Cause:    Both batch-processor pods are unschedulable because the Deployment selects the workload-pool worker, but does not tolerate that node's NoSchedule taint.
           Severity:      warning
           Target:        Deployment/batch-processor (ns: demo-scheduler)
           Workflow:      51247c9a-179f-54b8-b2fa-ece9fb80ef17 (quay.io/kubernaut-cicd/test-workflows/remove-taint-job@sha256:2121ecf1001f6b95b7aeabda1fd4e2eb9eba9052a514a18a1e0f841d9958d561)
           Confidence:    0.82
           Rationale:     The catalog's preferred and higher-ranked actions target PVC expansion...
           Approval:      not required

[07:36:53] WorkflowExecution running...
           WFE Phase: Running
           WFE Phase: Running
           WFE Phase: Running
           WFE Phase: Running
[07:37:35] Phase: Executing -> Verifying
[07:37:35] EffectivenessAssessment verification in progress...
[07:44:35] Phase: Verifying -> Completed
[07:44:35] Pipeline completed (outcome: Inconclusive)
[07:44:35] Waiting for EffectivenessAssessment to complete...

           Effectiveness Assessment
           ──────────────────────────────────────────
           Phase:         Completed
           Reason:        MetricsTimedOut
           Message:       Assessment completed: MetricsTimedOut
           Alert Score:   0
           Health Score:  0
           Metrics Score: pending

