=============================================
 Stuck Rollout Demo (#130)
=============================================

==> [spoke=/Users/jgil/.kube/kubernaut-remote-cluster-config] Deploying scenario resources...
==> [fleet] Deploying workload manifests to spoke (skipping operator monitoring kinds -- see fleet_deploy_monitoring)...
    namespace/demo-shipping created
    configmap/checkout-api-config created
    service/checkout-api created
    deployment.apps/checkout-api created
  Applied 4 document(s) to spoke, skipped 2 (monitoring kinds).
  [fleet] kube-state-metrics already deployed on spoke.
==> [fleet] Deploying monitoring CRDs to spoke (operator-native, no config surgery)...
    prometheusrule.monitoring.coreos.com/demo-app-alerts created
    Set cluster=remote-cluster on alert rules in doc-4.yaml.
    servicemonitor.monitoring.coreos.com/demo-app-metrics created
  Applied 2 monitoring document(s) to spoke, skipped 4 (workload kinds).
==> [spoke] Waiting for checkout-api to be ready...
deployment.apps/checkout-api condition met
  checkout-api is running.
NAME                            READY   STATUS    RESTARTS   AGE
checkout-api-5fbd59b477-cdzls   0/1     Running   0          10s
checkout-api-5fbd59b477-hd6gg   1/1     Running   0          10s
checkout-api-5fbd59b477-vgx5q   1/1     Running   0          10s

==> [spoke] Establishing baseline (15s)...

==> [spoke] Injecting non-existent image tag (triggers stuck rollout)...
==> Setting checkout-api to a non-existent image tag...
deployment.apps/checkout-api image updated
==> Bad image injected. The rollout will stall because:
    - New pods will have ImagePullBackOff
    - progressDeadlineSeconds (120s) will be exceeded
    - The Progressing condition will become False


  Waiting for new pods to fail image pull...
NAME                            READY   STATUS         RESTARTS   AGE
checkout-api-5fbd59b477-hd6gg   1/1     Running        0          36s
checkout-api-5fbd59b477-vgx5q   1/1     Running        0          36s
checkout-api-7bf8fbd474-zsnjg   0/1     ErrImagePull   0          11s
checkout-api-7bf8fbd474-zvz4x   0/1     ErrImagePull   0          10s

==> [spoke] Waiting for rollout to exceed progressDeadlineSeconds (~2 min)...
  Then the KubeDeploymentRolloutStuck alert fires after 1 min more (~3 min total).

==> [spoke] Fault injected. Run fleet/hub.sh (or ../run.sh) to confirm the alert on the hub.

==> [hub=/Users/jgil/.kube/kubernaut-hub-config] Waiting for alert...
==> [fleet] Waiting for alert 'KubeDeploymentRolloutStuck' (namespace=demo-shipping, cluster=remote-cluster) on hub Alertmanager (timeout 480s)...
  alert 'KubeDeploymentRolloutStuck' (namespace=demo-shipping, cluster=remote-cluster) is firing.

==> Alert is firing. Driving full remediation pipeline on the hub (--auto-approve)...
==> [hub=/Users/jgil/.kube/kubernaut-hub-config] Waiting for alert...
==> [fleet] Waiting for alert 'KubeDeploymentRolloutStuck' (namespace=demo-shipping, cluster=remote-cluster) on hub Alertmanager (timeout 480s)...
  alert 'KubeDeploymentRolloutStuck' (namespace=demo-shipping, cluster=remote-cluster) is firing.

==> Alert is firing. Driving full remediation pipeline on the hub (--auto-approve)...
[18:38:45] Waiting for RemediationRequest (target: demo-shipping)...
[18:38:45] RemediationRequest rr-2bf3a5781f9d-3dc16f2b created -> Phase: Analyzing
[18:38:45] Polling pipeline (timeout: 600s, approval: --auto-approve)...
[18:38:45] AI Analysis in progress...
[18:39:47] Phase: Analyzing -> Executing

           AI Analysis
           ──────────────────────────────────────────
           Root Cause:    The checkout-api rollout stalled because revision 2 references nonexistent image tag 99.99.99-doesnotexist, causing replacement pods to enter ErrImagePull/ImagePullBackOff. Revision 1 uses the known-good 1.0.0 image.
           Severity:      critical
           Target:        Deployment/checkout-api (ns: demo-shipping)
           Workflow:      45c70620-7fc4-5150-9165-ddc643b9281f (quay.io/kubernaut-cicd/test-workflows/fix-image-reference-job@sha256:0c3594fdf6d737b18a6aae6c63db677baa8673c7401ae3057ccbd7324819e0ae)
           Confidence:    0.98
           Rationale:     The catalog workflow specifically corrects a nonexistent image tag by ...
           Approval:      not required

[18:39:48] WorkflowExecution running...
           WFE Phase: Running
[18:39:59] Phase: Executing -> Failed
[18:39:59] Pipeline terminated with phase: Failed
