  Operator-managed Prometheus is installed.
==> Default preflight: metrics-pipeline...
  Preflight [metrics-pipeline]: checking kube-state-metrics...
  Preflight [metrics-pipeline]: OK (1 series)
==> Seeding ActionType CRDs...
==> Seeding RemediationWorkflow CRDs (namespace: kubernaut-system)...
    SKIP disk-pressure-emptydir.yaml (engine: ansible — no AWX/AAP found)
    Applied 33 workflow(s), skipped 1, failed 0.
[22:14:19] Starting DataStorage port-forward (localhost:30081 -> svc/data-storage-service:8081)...
[22:14:20] DataStorage port-forward ready

  ━━━━━━━━━━━━━━━━━━━━━━━━━━━━━━━━━━━━━━━━━━━━━━━━━━━━━━━━
    Scenario: cert-failure
  ━━━━━━━━━━━━━━━━━━━━━━━━━━━━━━━━━━━━━━━━━━━━━━━━━━━━━━━━

[22:14:20] Running cert-failure/run.sh...
=============================================
 cert-manager Certificate Failure Demo (#133)
=============================================

==> [spoke] Generating self-signed CA key pair...
secret/demo-ca-key-pair created
  CA Secret created in cert-manager namespace on spoke.
==> [spoke=/Users/jgil/.kube/kubernaut-remote-cluster-config] Deploying scenario resources...
==> [fleet] Deploying workload manifests to spoke (skipping operator monitoring kinds -- see fleet_deploy_monitoring)...
    namespace/demo-portal created
    service/demo-app created
    deployment.apps/demo-app created
    certificate.cert-manager.io/demo-app-cert created
    clusterissuer.cert-manager.io/demo-selfsigned-ca created
  Applied 5 document(s) to spoke, skipped 2 (monitoring kinds).
  [fleet] kube-state-metrics already deployed on spoke.
==> [fleet] Deploying monitoring CRDs to spoke (operator-native, no config surgery)...
    prometheusrule.monitoring.coreos.com/demo-app-alerts created
    Set cluster=remote-cluster on alert rules in doc-5.yaml.
    servicemonitor.monitoring.coreos.com/kubernaut-cert-manager-demo created
  Applied 2 monitoring document(s) to spoke, skipped 5 (workload kinds).
==> [spoke] Waiting for Certificate to become Ready...
  Certificate is Ready.
NAME            READY   SECRET         AGE
demo-app-cert   True    demo-app-tls   1s

==> [spoke] Establishing healthy baseline (20s)...

==> [spoke] Injecting failure (deleting CA Secret)...
==> Deleting CA Secret that backs the ClusterIssuer...
secret "demo-ca-key-pair" deleted from cert-manager namespace
==> Triggering certificate re-issuance to force failure detection...
secret "demo-app-tls" deleted from demo-portal namespace
==> Renewing certificate to trigger immediate re-issuance attempt...
certificate.cert-manager.io/demo-app-cert annotated
==> CA Secret deleted. cert-manager will fail to issue demo-app-cert.
    ClusterIssuer 'demo-selfsigned-ca' can no longer sign certificates.
==> Watch: kubectl get certificate -n demo-portal -w

==> [spoke] Fault injected. Run fleet/hub.sh (or ../run.sh) to confirm the alert on the hub.

==> [hub=/Users/jgil/.kube/kubernaut-hub-config] Waiting for alert...
==> [fleet] Waiting for alert 'CertManagerCertNotReady' (namespace=demo-portal, cluster=remote-cluster) on hub Alertmanager (timeout 480s)...
  alert 'CertManagerCertNotReady' (namespace=demo-portal, cluster=remote-cluster) is firing.

==> Alert is firing. Driving full remediation pipeline on the hub (--auto-approve)...
[22:16:06] Waiting for RemediationRequest (target: demo-portal)...
[22:16:06] RemediationRequest rr-7ab571754c3f-4fe01132 created -> Phase: Analyzing
[22:16:06] Polling pipeline (timeout: 600s, approval: --auto-approve)...
[22:16:06] AI Analysis in progress...
[22:16:57] Phase: Analyzing -> Completed

           AI Analysis
           ──────────────────────────────────────────
           Root Cause:    N/A
           Severity:      critical
           Target:        Deployment/demo-app (ns: demo-portal)
           Workflow:      N/A (N/A)
           Confidence:    N/A
           Approval:      not required

[22:16:58] Pipeline completed (outcome: ManualReviewRequired)
[22:16:58] Waiting for EffectivenessAssessment...
           (no EffectivenessAssessment created)
[22:18:01] Running cert-failure/fleet/validate.sh...
           Fleet runner already confirmed and processed CertManagerCertNotReady; skipping duplicate alert wait.
           Fleet runner already completed the pipeline for demo-portal; skipping duplicate RR wait.
           Fleet runner already completed the pipeline for demo-portal; skipping duplicate pipeline poll.
[22:18:02] Running assertions...
           [PASS] RR phase = Completed
           [FAIL] RR outcome = ManualReviewRequired (expected: Remediated)
           [PASS] SP phase = Completed
           [FAIL] AA phase = Failed (expected: Completed)
           [FAIL] AA selected a workflow =  (should not be )
           [FAIL] AA selected correct workflow does not contain "fix-certificate-job"
           [FAIL] WFE phase =  (expected: Completed)
           [FAIL] EA phase =  (expected: Completed)
           [FAIL] CA Secret recreated = missing (should not be missing)
           [FAIL] Certificate Ready = False (expected: True)

           Scenario Assertions
           ──────────────────────────────────────────

           ============================================
            RESULT: FAIL (2/10 passed, 8 failed)
           ============================================

[22:18:04] Preserving cert-failure resources after failure for RCA (cleanup skipped)

  ━━━━━━━━━━━━━━━━━━━━━━━━━━━━━━━━━━━━━━━━━━━━━━━━━━━━━━━━
    Summary
  ━━━━━━━━━━━━━━━━━━━━━━━━━━━━━━━━━━━━━━━━━━━━━━━━━━━━━━━━

  Scenario                        Result    Duration
  ──────────────────────────────  ────────  ────────
  cert-failure                    FAIL      3m 44s

  Total: 3m 46s | 0 passed, 1 failed

