==> [fleet] Waiting for alert 'KubePodCrashLooping' (namespace=demo-storefront-rc20, cluster=remote-cluster) on hub Alertmanager (timeout 300s)...
  alert 'KubePodCrashLooping' (namespace=demo-storefront-rc20, cluster=remote-cluster) is firing.
[16:11:58] Waiting for RemediationRequest (target: demo-storefront-rc20)...
[16:11:58] RemediationRequest rr-72622dc77609-f8055cb8 created -> Phase: Analyzing
[16:11:58] Polling pipeline (timeout: 900s, approval: --auto-approve)...
[16:11:58] AI Analysis in progress...
[16:12:09] Phase: Analyzing -> Executing

           AI Analysis
           ──────────────────────────────────────────
           Root Cause:    The worker CrashLoopBackOff is caused by the invalid nginx directive invalid_directive_that_breaks_nginx at line 10 in the revision-2 worker-config ConfigMap, causing nginx to exit with code 1.
           Severity:      critical
           Target:        ConfigMap/worker-config (ns: demo-storefront-rc20)
           Workflow:      0aa9e14b-13ab-5b61-af2f-c78ccf4e8d24 (quay.io/kubernaut-cicd/test-workflows/helm-rollback-job@sha256:d7739e5bcf1270e32ec36ed7a6a528fe99e4d12a3fa2d55d9eaaddee2a107d25)
           Confidence:    0.98
           Rationale:     HelmRollback is the catalog-preferred action for helmManaged=true and ...
           Approval:      not required

[16:12:10] WorkflowExecution running...
           WFE Phase: Running
[16:12:21] Phase: Executing -> Verifying
[16:12:21] EffectivenessAssessment verification in progress...
[16:17:23] Phase: Verifying -> Completed
[16:17:23] Pipeline completed (outcome: Remediated)
[16:17:23] Waiting for EffectivenessAssessment to complete...

           Effectiveness Assessment
           ──────────────────────────────────────────
           Phase:         Completed
           Reason:        Full
           Message:       Assessment completed: Full
           Alert Score:   1
           Health Score:  pending
           Metrics Score: 0

