{"level":"info","ts":"2026-10-01T22:38:44Z","logger":"controllers.AIAnalysis","msg":"Reconciling AIAnalysis","aianalysis":{"name":"ai-rr-2bf3a5781f9d-3dc16f2b","namespace":"kubernaut-system"}}
{"level":"info","ts":"2026-10-01T22:38:44Z","logger":"controllers.AIAnalysis","msg":"Reconciling AIAnalysis","aianalysis":{"name":"ai-rr-2bf3a5781f9d-3dc16f2b","namespace":"kubernaut-system"}}
{"level":"info","ts":"2026-10-01T22:38:44Z","logger":"controllers.AIAnalysis","msg":"Reconciling AIAnalysis","aianalysis":{"name":"ai-rr-2bf3a5781f9d-3dc16f2b","namespace":"kubernaut-system"}}
{"level":"info","ts":"2026-10-01T22:38:44Z","logger":"controllers.AIAnalysis","msg":"Processing Pending phase","phase":"Pending","name":"ai-rr-2bf3a5781f9d-3dc16f2b"}
{"level":"info","ts":"2026-10-01T22:38:44Z","logger":"controllers.AIAnalysis","msg":"Reconciling AIAnalysis","aianalysis":{"name":"ai-rr-2bf3a5781f9d-3dc16f2b","namespace":"kubernaut-system"}}
{"level":"info","ts":"2026-10-01T22:38:44Z","logger":"controllers.AIAnalysis","msg":"Processing Investigating phase","phase":"Investigating","name":"ai-rr-2bf3a5781f9d-3dc16f2b"}
{"level":"info","ts":"2026-10-01T22:38:44Z","logger":"controllers.AIAnalysis.investigating-handler","msg":"Processing Investigating phase","name":"ai-rr-2bf3a5781f9d-3dc16f2b"}
{"level":"info","ts":"2026-10-01T22:38:44Z","msg":"Created AgentSession","controller":"aianalysis","controllerGroup":"kubernaut.ai","controllerKind":"AIAnalysis","AIAnalysis":{"name":"ai-rr-2bf3a5781f9d-3dc16f2b","namespace":"kubernaut-system"},"namespace":"kubernaut-system","name":"ai-rr-2bf3a5781f9d-3dc16f2b","reconcileID":"616403de-d728-492e-a900-ce6b522e3b62","aianalysis":"ai-rr-2bf3a5781f9d-3dc16f2b","namespace":"kubernaut-system","name":"as-rr-2bf3a5781f9d-3dc16f2b"}
{"level":"info","ts":"2026-10-01T22:38:44Z","logger":"controllers.AIAnalysis.investigating-handler","msg":"AgentSession created","agentSession":"as-rr-2bf3a5781f9d-3dc16f2b"}
{"level":"info","ts":"2026-10-01T22:38:44Z","logger":"controllers.AIAnalysis.investigating-handler","msg":"Investigation still in progress, requeuing","agentSession":"as-rr-2bf3a5781f9d-3dc16f2b","phase":"","nextCheckIn":599.159566096,"pollCount":0}
{"level":"info","ts":"2026-10-01T22:38:44Z","logger":"controllers.AIAnalysis","msg":"Reconciling AIAnalysis","aianalysis":{"name":"ai-rr-2bf3a5781f9d-3dc16f2b","namespace":"kubernaut-system"}}
{"level":"info","ts":"2026-10-01T22:38:44Z","logger":"controllers.AIAnalysis","msg":"Processing Investigating phase","phase":"Investigating","name":"ai-rr-2bf3a5781f9d-3dc16f2b"}
{"level":"info","ts":"2026-10-01T22:38:44Z","logger":"controllers.AIAnalysis.investigating-handler","msg":"Processing Investigating phase","name":"ai-rr-2bf3a5781f9d-3dc16f2b"}
{"level":"info","ts":"2026-10-01T22:38:44Z","logger":"controllers.AIAnalysis.investigating-handler","msg":"Investigation still in progress, requeuing","agentSession":"as-rr-2bf3a5781f9d-3dc16f2b","phase":"","nextCheckIn":599.068662015,"pollCount":1}
{"level":"info","ts":"2026-10-01T22:38:44Z","logger":"controllers.AIAnalysis","msg":"Reconciling AIAnalysis","aianalysis":{"name":"ai-rr-2bf3a5781f9d-3dc16f2b","namespace":"kubernaut-system"}}
{"level":"info","ts":"2026-10-01T22:38:44Z","logger":"controllers.AIAnalysis","msg":"Processing Investigating phase","phase":"Investigating","name":"ai-rr-2bf3a5781f9d-3dc16f2b"}
{"level":"info","ts":"2026-10-01T22:38:45Z","logger":"controllers.AIAnalysis.investigating-handler","msg":"Processing Investigating phase","name":"ai-rr-2bf3a5781f9d-3dc16f2b"}
{"level":"info","ts":"2026-10-01T22:38:45Z","logger":"controllers.AIAnalysis.investigating-handler","msg":"Investigation still in progress, requeuing","agentSession":"as-rr-2bf3a5781f9d-3dc16f2b","phase":"Investigating","nextCheckIn":598.994156701,"pollCount":2}
{"level":"info","ts":"2026-10-01T22:39:38Z","logger":"controllers.AIAnalysis","msg":"Reconciling AIAnalysis","aianalysis":{"name":"ai-rr-2bf3a5781f9d-3dc16f2b","namespace":"kubernaut-system"}}
{"level":"info","ts":"2026-10-01T22:39:38Z","logger":"controllers.AIAnalysis","msg":"Processing Investigating phase","phase":"Investigating","name":"ai-rr-2bf3a5781f9d-3dc16f2b"}
{"level":"info","ts":"2026-10-01T22:39:38Z","logger":"controllers.AIAnalysis.investigating-handler","msg":"Processing Investigating phase","name":"ai-rr-2bf3a5781f9d-3dc16f2b"}
{"level":"info","ts":"2026-10-01T22:39:38Z","logger":"controllers.AIAnalysis.investigating-handler","msg":"KA session completed, processing result","agentSession":"as-rr-2bf3a5781f9d-3dc16f2b","sessionID":"079272bc-9b96-49bd-a076-505c9f9c4dc8","pollCount":3}
{"level":"info","ts":"2026-10-01T22:39:38Z","logger":"controllers.AIAnalysis.response-processor","msg":"Populated PostRCAContext from KA detected_labels","gitOpsManaged":false,"stateful":false,"failedDetections":[]}
{"level":"info","ts":"2026-10-01T22:39:38Z","logger":"controllers.AIAnalysis.response-processor","msg":"Processing successful incident response","confidence":0.98,"warningsCount":0,"hasSelectedWorkflow":true,"needsHumanReview":false}
{"level":"info","ts":"2026-10-01T22:39:38Z","logger":"controllers.AIAnalysis","msg":"Phase changed, requeuing","phase":"Investigating","name":"ai-rr-2bf3a5781f9d-3dc16f2b","from":"Investigating","to":"Analyzing"}
{"level":"info","ts":"2026-10-01T22:39:38Z","logger":"controllers.AIAnalysis","msg":"Reconciling AIAnalysis","aianalysis":{"name":"ai-rr-2bf3a5781f9d-3dc16f2b","namespace":"kubernaut-system"}}
{"level":"info","ts":"2026-10-01T22:39:38Z","logger":"controllers.AIAnalysis","msg":"Processing Analyzing phase","phase":"Analyzing","name":"ai-rr-2bf3a5781f9d-3dc16f2b"}
{"level":"info","ts":"2026-10-01T22:39:38Z","logger":"controllers.AIAnalysis.analyzing-handler","msg":"Processing Analyzing phase","name":"ai-rr-2bf3a5781f9d-3dc16f2b"}
{"level":"info","ts":"2026-10-01T22:39:38Z","logger":"controllers.AIAnalysis.analyzing-handler","msg":"Rego evaluation complete","approvalRequired":false,"degraded":false,"reason":"Auto-approved"}
{"level":"info","ts":"2026-10-01T22:39:38Z","logger":"controllers.AIAnalysis.analyzing-handler","msg":"Analysis completed","name":"ai-rr-2bf3a5781f9d-3dc16f2b","approvalRequired":false}
{"level":"info","ts":"2026-10-01T22:39:38Z","logger":"controllers.AIAnalysis","msg":"Phase changed, requeuing","phase":"Analyzing","name":"ai-rr-2bf3a5781f9d-3dc16f2b","from":"Analyzing","to":"Completed"}
{"level":"info","ts":"2026-10-01T22:39:38Z","logger":"controllers.AIAnalysis","msg":"Reconciling AIAnalysis","aianalysis":{"name":"ai-rr-2bf3a5781f9d-3dc16f2b","namespace":"kubernaut-system"}}
{"level":"info","ts":"2026-10-01T22:39:38Z","logger":"controllers.AIAnalysis","msg":"AIAnalysis in terminal state","aianalysis":{"name":"ai-rr-2bf3a5781f9d-3dc16f2b","namespace":"kubernaut-system"},"phase":"Completed"}
