time=2026-10-02T05:03:05.184Z level=INFO source=app.go:194 msg="Starting Alertmanager" version="(version=0.34.1, branch=HEAD, revision=73c6bfe7393929211294c1954f30d8ed78e4d0ad)"
time=2026-10-02T05:03:05.189Z level=INFO source=app.go:196 msg="Build context" build_context="(go=go1.26.8, platform=linux/arm64, user=root@d3b71085e163, date=20260917-07:45:14, tags=netgo)"
time=2026-10-02T05:03:05.189Z level=DEBUG source=cluster.go:180 msg="resolved peers to following addresses" component=cluster peers=""
time=2026-10-02T05:03:05.190Z level=INFO source=cluster.go:192 msg="setting advertise address explicitly" component=cluster addr=10.244.0.31 port=9094
time=2026-10-02T05:03:05.190Z level=DEBUG source=delegate.go:246 msg=NotifyJoin component=cluster node=01M3XFX6Z6GAHFEJQ0PB416MV7 addr=10.244.0.31:9094
time=2026-10-02T05:03:05.191Z level=DEBUG source=nflog.go:363 msg="notification log snapshot file doesn't exist" component=nflog err="open data/nflog: no such file or directory"
time=2026-10-02T05:03:05.191Z level=DEBUG source=silence.go:553 msg="silences snapshot file doesn't exist" component=silences err="open data/silences: no such file or directory"
time=2026-10-02T05:03:05.191Z level=DEBUG source=cluster.go:276 msg="joined cluster" component=cluster peers=0
time=2026-10-02T05:03:05.191Z level=INFO source=cluster.go:682 msg="Waiting for gossip to settle..." component=cluster interval=2s
time=2026-10-02T05:03:05.325Z level=DEBUG source=app.go:439 msg="app setup" external_url=http://alertmanager-78446d564f-lzmxq:9093
time=2026-10-02T05:03:05.326Z level=DEBUG source=dispatch.go:161 msg="preparing to start" component=dispatcher startTime=2026-10-02T05:03:05.189Z
time=2026-10-02T05:03:05.327Z level=DEBUG source=dispatch.go:163 msg="setting state" component=dispatcher state=waiting_to_start
time=2026-10-02T05:03:05.327Z level=DEBUG source=dispatch.go:223 msg="starting alert ingestion worker" component=dispatcher workerID=1
time=2026-10-02T05:03:05.327Z level=DEBUG source=app.go:514 msg="app setup" route_prefix=/
time=2026-10-02T05:03:05.327Z level=INFO source=tls_config.go:372 msg="Listening on" address=[::]:9093
time=2026-10-02T05:03:05.327Z level=INFO source=tls_config.go:375 msg="TLS is disabled." http2=false address=[::]:9093
time=2026-10-02T05:03:05.327Z level=DEBUG source=dispatch.go:206 msg=started component=dispatcher state=running
time=2026-10-02T05:03:05.327Z level=DEBUG source=dispatch.go:207 msg="Starting all existing aggregation groups" component=dispatcher
time=2026-10-02T05:03:05.327Z level=DEBUG source=dispatch.go:223 msg="starting alert ingestion worker" component=dispatcher workerID=0
time=2026-10-02T05:03:07.191Z level=INFO source=cluster.go:707 msg="gossip not settled" component=cluster polls=0 before=0 now=1 elapsed=2.000087097s
time=2026-10-02T05:03:09.192Z level=DEBUG source=cluster.go:704 msg="gossip looks settled" component=cluster elapsed=4.001245411s
time=2026-10-02T05:03:11.193Z level=DEBUG source=cluster.go:704 msg="gossip looks settled" component=cluster elapsed=6.001990639s
time=2026-10-02T05:03:13.194Z level=DEBUG source=cluster.go:704 msg="gossip looks settled" component=cluster elapsed=8.003285412s
time=2026-10-02T05:03:15.195Z level=INFO source=cluster.go:699 msg="gossip settled; proceeding" component=cluster elapsed=10.004552103s
