==> [spoke=/Users/jgil/.kube/kubernaut-remote-cluster-config] Applying the scheduling taint...
  No node with label kubernaut.ai/workload-pool=true found. Auto-labeling a worker...
node/kubernaut-remote-cluster-worker-1790996710 labeled
==> Adding NoSchedule taint to node/kubernaut-remote-cluster-worker-1790996710...
node/kubernaut-remote-cluster-worker-1790996710 modified
==> Taint applied to node/kubernaut-remote-cluster-worker-1790996710. Pods pinned to this node will remain Pending.
==> [spoke] Deploying scenario resources...
==> [fleet] Deploying workload manifests to spoke (skipping operator monitoring kinds -- see fleet_deploy_monitoring)...
    namespace/demo-scheduler created
    configmap/batch-processor-config created
    service/batch-processor created
    deployment.apps/batch-processor created
  Applied 4 document(s) to spoke, skipped 2 (monitoring kinds).
  [fleet] kube-state-metrics already deployed on spoke.
==> [fleet] Deploying monitoring CRDs to spoke (operator-native, no config surgery)...
    prometheusrule.monitoring.coreos.com/demo-app-alerts created
    Set cluster=remote-cluster on alert rules in doc-4.yaml.
    servicemonitor.monitoring.coreos.com/demo-app-metrics created
  Applied 2 monitoring document(s) to spoke, skipped 4 (workload kinds).
NAME                              READY   STATUS    RESTARTS   AGE   IP       NODE     NOMINATED NODE   READINESS GATES
batch-processor-6547d9848-wbxfp   0/1     Pending   0          6s    <none>   <none>   <none>           <none>
batch-processor-6547d9848-xwgvd   0/1     Pending   0          6s    <none>   <none>   <none>           <none>
==> [spoke] Pods should remain Pending until remove-taint-v1 runs.
==> [fleet] Waiting for alert 'KubePodNotScheduled' (namespace=demo-scheduler, cluster=remote-cluster) on hub Alertmanager (timeout 480s)...
  alert 'KubePodNotScheduled' (namespace=demo-scheduler, cluster=remote-cluster) is firing.
==> [fleet] Waiting for alert 'KubePodNotScheduled' (namespace=demo-scheduler, cluster=remote-cluster) on hub Alertmanager (timeout 480s)...
  alert 'KubePodNotScheduled' (namespace=demo-scheduler, cluster=remote-cluster) is firing.
[23:07:23] Waiting for RemediationRequest (target: demo-scheduler)...
[23:07:24] RemediationRequest rr-825b58c1ca42-bef00bc0 created -> Phase: Analyzing
[23:07:24] Polling pipeline (timeout: 600s, approval: --auto-approve)...
[23:07:24] AI Analysis in progress...
[23:07:44] Phase: Analyzing -> Failed
[23:07:44] Pipeline terminated with phase: Failed
