=============================================
 Resource Contention Demo (Issue #231)
=============================================

==> [spoke=/Users/jgil/.kube/kubernaut-remote-cluster-config] Deploying scenario resources...
==> [fleet] Deploying workload manifests to spoke (skipping operator monitoring kinds -- see fleet_deploy_monitoring)...
    namespace/demo-analytics created
    deployment.apps/analytics-worker created
  Applied 2 document(s) to spoke, skipped 1 (monitoring kinds).
  [fleet] kube-state-metrics already deployed on spoke.
==> [fleet] Deploying monitoring CRDs to spoke (operator-native, no config surgery)...
    prometheusrule.monitoring.coreos.com/demo-app-alerts created
    Set cluster=remote-cluster on alert rules in doc-2.yaml.
  Applied 1 monitoring document(s) to spoke, skipped 2 (workload kinds).
==> [spoke] analytics-worker deployed (polinux/stress, 64Mi limit, 64M requested -- OOMs immediately).
NAME                                READY   STATUS              RESTARTS   AGE
analytics-worker-776f4b975b-kxg8w   0/1     ContainerCreating   0          1s

==> [spoke] Fault self-injecting. The Fleet runner will drive remediation on the hub.

==> [fleet] Starting external actor (hub RR state + spoke workload)...
[external-actor] Watching analytics-worker in demo-analytics for spec changes... [timeout: 1800s]
[external-actor] Waiting for first remediation cycle to complete...
==> [hub=/Users/jgil/.kube/kubernaut-hub-config] Waiting for alert...
==> [fleet] Waiting for alert 'ContainerOOMKilling' (namespace=demo-analytics, cluster=remote-cluster) on hub Alertmanager (timeout 180s)...
  alert 'ContainerOOMKilling' (namespace=demo-analytics, cluster=remote-cluster) is firing.

==> Alert is firing. Driving first remediation cycle on the hub (--auto-approve)...
==> [hub=/Users/jgil/.kube/kubernaut-hub-config] Waiting for alert...
==> [fleet] Waiting for alert 'ContainerOOMKilling' (namespace=demo-analytics, cluster=remote-cluster) on hub Alertmanager (timeout 180s)...
  alert 'ContainerOOMKilling' (namespace=demo-analytics, cluster=remote-cluster) is firing.

==> Alert is firing. Driving first remediation cycle on the hub (--auto-approve)...
[19:37:51] Waiting for RemediationRequest (target: demo-analytics)...
[19:37:52] RemediationRequest rr-83590664d599-85a38d73 created -> Phase: Analyzing
[19:37:52] Polling pipeline (timeout: 600s, approval: --auto-approve)...
[19:37:52] AI Analysis in progress...
[external-actor] First RR reached terminal phase (Failed). Starting revert loop.
[19:38:33] Phase: Analyzing -> Failed
[19:38:33] Pipeline terminated with phase: Failed
