{"level":"info","ts":"2026-10-02T04:26:47Z","logger":"controller-runtime.healthz","msg":"healthz check failed","statuses":[{},{}]}
{"level":"info","ts":"2026-10-02T04:27:04Z","logger":"controller-runtime.healthz","msg":"healthz check failed","statuses":[{},{}]}
{"level":"info","ts":"2026-10-02T04:27:40Z","logger":"controller-runtime.healthz","msg":"healthz check failed","statuses":[{},{}]}
{"level":"info","ts":"2026-10-02T04:27:59Z","logger":"controller-runtime.healthz","msg":"healthz check failed","statuses":[{},{}]}
{"level":"info","ts":"2026-10-02T04:28:15Z","logger":"controller-runtime.healthz","msg":"healthz check failed","statuses":[{},{}]}
{"level":"info","ts":"2026-10-02T04:28:21Z","logger":"setup.datastorage-readiness.fleet-readiness","msg":"Fleet dependency probe failed, readiness NotReady","error":"DataStorage health endpoint https://data-storage-service.kubernaut-system.svc.cluster.local:8080/readyz unreachable: Get \"https://data-storage-service.kubernaut-system.svc.cluster.local:8080/readyz\": net/http: request canceled while waiting for connection (Client.Timeout exceeded while awaiting headers)"}
{"level":"info","ts":"2026-10-02T04:28:23Z","logger":"controller-runtime.healthz","msg":"healthz check failed","statuses":[{},{}]}
{"level":"info","ts":"2026-10-02T04:28:29Z","logger":"controller-runtime.healthz","msg":"healthz check failed","statuses":[{},{}]}
{"level":"info","ts":"2026-10-02T04:28:46Z","logger":"controller-runtime.healthz","msg":"healthz check failed","statuses":[{},{}]}
{"level":"info","ts":"2026-10-02T04:28:52Z","logger":"controller-runtime.healthz","msg":"healthz check failed","statuses":[{},{}]}
{"level":"info","ts":"2026-10-02T04:28:52Z","logger":"controller-runtime.healthz","msg":"healthz check failed","statuses":[{},{}]}
{"level":"info","ts":"2026-10-02T04:29:52Z","logger":"controller-runtime.healthz","msg":"healthz check failed","statuses":[{},{}]}
{"level":"info","ts":"2026-10-02T04:30:16Z","logger":"controller-runtime.healthz","msg":"healthz check failed","statuses":[{},{}]}
{"level":"info","ts":"2026-10-02T04:30:21Z","logger":"controller-runtime.healthz","msg":"healthz check failed","statuses":[{},{}]}
{"level":"info","ts":"2026-10-02T04:30:21Z","logger":"setup.datastorage-readiness.fleet-readiness","msg":"Fleet dependency probe failed, readiness NotReady","error":"DataStorage health endpoint https://data-storage-service.kubernaut-system.svc.cluster.local:8080/readyz unreachable: Get \"https://data-storage-service.kubernaut-system.svc.cluster.local:8080/readyz\": net/http: request canceled while waiting for connection (Client.Timeout exceeded while awaiting headers)"}
{"level":"info","ts":"2026-10-02T04:30:29Z","logger":"controller-runtime.healthz","msg":"healthz check failed","statuses":[{},{}]}
{"level":"info","ts":"2026-10-02T04:30:29Z","logger":"controller-runtime.healthz","msg":"healthz check failed","statuses":[{},{}]}
{"level":"info","ts":"2026-10-02T04:30:47Z","logger":"controller-runtime.healthz","msg":"healthz check failed","statuses":[{},{}]}
{"level":"info","ts":"2026-10-02T04:31:07Z","logger":"controller-runtime.healthz","msg":"healthz check failed","statuses":[{},{}]}
{"level":"info","ts":"2026-10-02T04:31:15Z","logger":"controller-runtime.healthz","msg":"healthz check failed","statuses":[{},{}]}
{"level":"info","ts":"2026-10-02T04:31:45Z","logger":"controller-runtime.healthz","msg":"healthz check failed","statuses":[{},{}]}
{"level":"info","ts":"2026-10-02T04:31:51Z","logger":"controller-runtime.healthz","msg":"healthz check failed","statuses":[{},{}]}
{"level":"info","ts":"2026-10-02T04:31:59Z","logger":"controller-runtime.healthz","msg":"healthz check failed","statuses":[{},{}]}
{"level":"info","ts":"2026-10-02T04:32:03Z","logger":"controller-runtime.healthz","msg":"healthz check failed","statuses":[{},{}]}
{"level":"info","ts":"2026-10-02T04:32:18Z","logger":"controller-runtime.healthz","msg":"healthz check failed","statuses":[{},{}]}
{"level":"info","ts":"2026-10-02T04:32:28Z","logger":"controller-runtime.healthz","msg":"healthz check failed","statuses":[{},{}]}
{"level":"info","ts":"2026-10-02T04:33:14Z","logger":"controller-runtime.healthz","msg":"healthz check failed","statuses":[{},{}]}
{"level":"info","ts":"2026-10-02T04:33:18Z","logger":"controller-runtime.healthz","msg":"healthz check failed","statuses":[{},{}]}
{"level":"info","ts":"2026-10-02T04:33:25Z","logger":"controller-runtime.healthz","msg":"healthz check failed","statuses":[{},{}]}
{"level":"info","ts":"2026-10-02T04:33:33Z","logger":"controller-runtime.healthz","msg":"healthz check failed","statuses":[{},{}]}
{"level":"info","ts":"2026-10-02T04:33:37Z","logger":"controller-runtime.healthz","msg":"healthz check failed","statuses":[{},{}]}
{"level":"info","ts":"2026-10-02T04:34:07Z","logger":"controller-runtime.healthz","msg":"healthz check failed","statuses":[{},{}]}
{"level":"info","ts":"2026-10-02T04:34:49Z","logger":"controller-runtime.healthz","msg":"healthz check failed","statuses":[{},{}]}
{"level":"info","ts":"2026-10-02T04:36:16Z","logger":"controllers.AIAnalysis","msg":"Reconciling AIAnalysis","aianalysis":{"name":"ai-rr-4309bc63be09-b3625ff7","namespace":"kubernaut-system"}}
{"level":"info","ts":"2026-10-02T04:36:16Z","logger":"controllers.AIAnalysis","msg":"Reconciling AIAnalysis","aianalysis":{"name":"ai-rr-4309bc63be09-b3625ff7","namespace":"kubernaut-system"}}
{"level":"info","ts":"2026-10-02T04:36:17Z","logger":"controllers.AIAnalysis","msg":"Reconciling AIAnalysis","aianalysis":{"name":"ai-rr-4309bc63be09-b3625ff7","namespace":"kubernaut-system"}}
{"level":"info","ts":"2026-10-02T04:36:17Z","logger":"controllers.AIAnalysis","msg":"Processing Pending phase","phase":"Pending","name":"ai-rr-4309bc63be09-b3625ff7"}
{"level":"info","ts":"2026-10-02T04:36:17Z","logger":"controllers.AIAnalysis","msg":"Reconciling AIAnalysis","aianalysis":{"name":"ai-rr-4309bc63be09-b3625ff7","namespace":"kubernaut-system"}}
{"level":"info","ts":"2026-10-02T04:36:17Z","logger":"controllers.AIAnalysis","msg":"Processing Investigating phase","phase":"Investigating","name":"ai-rr-4309bc63be09-b3625ff7"}
{"level":"info","ts":"2026-10-02T04:36:17Z","logger":"controllers.AIAnalysis.investigating-handler","msg":"Processing Investigating phase","name":"ai-rr-4309bc63be09-b3625ff7"}
{"level":"info","ts":"2026-10-02T04:36:17Z","msg":"Created AgentSession","controller":"aianalysis","controllerGroup":"kubernaut.ai","controllerKind":"AIAnalysis","AIAnalysis":{"name":"ai-rr-4309bc63be09-b3625ff7","namespace":"kubernaut-system"},"namespace":"kubernaut-system","name":"ai-rr-4309bc63be09-b3625ff7","reconcileID":"f800ee9f-95f2-4b61-b0d5-9296a71485ad","aianalysis":"ai-rr-4309bc63be09-b3625ff7","namespace":"kubernaut-system","name":"as-rr-4309bc63be09-b3625ff7"}
{"level":"info","ts":"2026-10-02T04:36:17Z","logger":"controllers.AIAnalysis.investigating-handler","msg":"AgentSession created","agentSession":"as-rr-4309bc63be09-b3625ff7"}
{"level":"info","ts":"2026-10-02T04:36:17Z","logger":"controllers.AIAnalysis.investigating-handler","msg":"Investigation still in progress, requeuing","agentSession":"as-rr-4309bc63be09-b3625ff7","phase":"","nextCheckIn":598.848343153,"pollCount":0}
{"level":"info","ts":"2026-10-02T04:36:17Z","logger":"controllers.AIAnalysis","msg":"Reconciling AIAnalysis","aianalysis":{"name":"ai-rr-4309bc63be09-b3625ff7","namespace":"kubernaut-system"}}
{"level":"info","ts":"2026-10-02T04:36:17Z","logger":"controllers.AIAnalysis","msg":"Processing Investigating phase","phase":"Investigating","name":"ai-rr-4309bc63be09-b3625ff7"}
{"level":"info","ts":"2026-10-02T04:36:17Z","logger":"controllers.AIAnalysis.investigating-handler","msg":"Processing Investigating phase","name":"ai-rr-4309bc63be09-b3625ff7"}
{"level":"info","ts":"2026-10-02T04:36:17Z","logger":"controllers.AIAnalysis.investigating-handler","msg":"Investigation still in progress, requeuing","agentSession":"as-rr-4309bc63be09-b3625ff7","phase":"","nextCheckIn":598.73833259,"pollCount":1}
{"level":"info","ts":"2026-10-02T04:36:17Z","logger":"controllers.AIAnalysis","msg":"Reconciling AIAnalysis","aianalysis":{"name":"ai-rr-4309bc63be09-b3625ff7","namespace":"kubernaut-system"}}
{"level":"info","ts":"2026-10-02T04:36:17Z","logger":"controllers.AIAnalysis","msg":"Processing Investigating phase","phase":"Investigating","name":"ai-rr-4309bc63be09-b3625ff7"}
{"level":"info","ts":"2026-10-02T04:36:17Z","logger":"controllers.AIAnalysis.investigating-handler","msg":"Processing Investigating phase","name":"ai-rr-4309bc63be09-b3625ff7"}
{"level":"info","ts":"2026-10-02T04:36:17Z","logger":"controllers.AIAnalysis.investigating-handler","msg":"Investigation still in progress, requeuing","agentSession":"as-rr-4309bc63be09-b3625ff7","phase":"Investigating","nextCheckIn":598.600898209,"pollCount":2}
{"level":"info","ts":"2026-10-02T04:37:48Z","logger":"controllers.AIAnalysis","msg":"Reconciling AIAnalysis","aianalysis":{"name":"ai-rr-4309bc63be09-b3625ff7","namespace":"kubernaut-system"}}
{"level":"info","ts":"2026-10-02T04:37:48Z","logger":"controllers.AIAnalysis","msg":"Processing Investigating phase","phase":"Investigating","name":"ai-rr-4309bc63be09-b3625ff7"}
{"level":"info","ts":"2026-10-02T04:37:48Z","logger":"controllers.AIAnalysis.investigating-handler","msg":"Processing Investigating phase","name":"ai-rr-4309bc63be09-b3625ff7"}
{"level":"info","ts":"2026-10-02T04:37:48Z","logger":"controllers.AIAnalysis.investigating-handler","msg":"KA session completed, processing result","agentSession":"as-rr-4309bc63be09-b3625ff7","sessionID":"b29fc08d-0b85-4c98-b053-8ab4317695c2","pollCount":3}
{"level":"info","ts":"2026-10-02T04:37:48Z","logger":"controllers.AIAnalysis.response-processor","msg":"Populated PostRCAContext from KA detected_labels","gitOpsManaged":false,"stateful":false,"failedDetections":[]}
{"level":"info","ts":"2026-10-02T04:37:48Z","logger":"controllers.AIAnalysis.response-processor","msg":"Processing successful incident response","confidence":0.94,"warningsCount":0,"hasSelectedWorkflow":true,"needsHumanReview":false}
{"level":"info","ts":"2026-10-02T04:37:48Z","logger":"controllers.AIAnalysis","msg":"Phase changed, requeuing","phase":"Investigating","name":"ai-rr-4309bc63be09-b3625ff7","from":"Investigating","to":"Analyzing"}
{"level":"info","ts":"2026-10-02T04:37:48Z","logger":"controllers.AIAnalysis","msg":"Reconciling AIAnalysis","aianalysis":{"name":"ai-rr-4309bc63be09-b3625ff7","namespace":"kubernaut-system"}}
{"level":"info","ts":"2026-10-02T04:37:48Z","logger":"controllers.AIAnalysis","msg":"Processing Analyzing phase","phase":"Analyzing","name":"ai-rr-4309bc63be09-b3625ff7"}
{"level":"info","ts":"2026-10-02T04:37:48Z","logger":"controllers.AIAnalysis.analyzing-handler","msg":"Processing Analyzing phase","name":"ai-rr-4309bc63be09-b3625ff7"}
{"level":"info","ts":"2026-10-02T04:37:48Z","logger":"controllers.AIAnalysis.analyzing-handler","msg":"Rego evaluation complete","approvalRequired":false,"degraded":false,"reason":"Auto-approved"}
{"level":"info","ts":"2026-10-02T04:37:48Z","logger":"controllers.AIAnalysis.analyzing-handler","msg":"Analysis completed","name":"ai-rr-4309bc63be09-b3625ff7","approvalRequired":false}
{"level":"info","ts":"2026-10-02T04:37:48Z","logger":"controllers.AIAnalysis","msg":"Phase changed, requeuing","phase":"Analyzing","name":"ai-rr-4309bc63be09-b3625ff7","from":"Analyzing","to":"Completed"}
{"level":"info","ts":"2026-10-02T04:37:48Z","logger":"controllers.AIAnalysis","msg":"Reconciling AIAnalysis","aianalysis":{"name":"ai-rr-4309bc63be09-b3625ff7","namespace":"kubernaut-system"}}
{"level":"info","ts":"2026-10-02T04:37:48Z","logger":"controllers.AIAnalysis","msg":"AIAnalysis in terminal state","aianalysis":{"name":"ai-rr-4309bc63be09-b3625ff7","namespace":"kubernaut-system"},"phase":"Completed"}
{"level":"info","ts":"2026-10-02T04:39:25Z","logger":"controllers.AIAnalysis","msg":"Reconciling AIAnalysis","aianalysis":{"name":"ai-rr-4309bc63be09-b3625ff7","namespace":"kubernaut-system"}}
{"level":"info","ts":"2026-10-02T04:39:25Z","logger":"controllers.AIAnalysis","msg":"Handling AIAnalysis deletion","name":"ai-rr-4309bc63be09-b3625ff7"}
{"level":"info","ts":"2026-10-02T04:39:25Z","logger":"controllers.AIAnalysis","msg":"Reconciling AIAnalysis","aianalysis":{"name":"ai-rr-4309bc63be09-b3625ff7","namespace":"kubernaut-system"}}
{"level":"info","ts":"2026-10-02T04:39:25Z","logger":"controllers.AIAnalysis","msg":"Reconciling AIAnalysis","aianalysis":{"name":"ai-rr-4309bc63be09-b3625ff7","namespace":"kubernaut-system"}}
{"level":"info","ts":"2026-10-02T04:41:21Z","logger":"controllers.AIAnalysis","msg":"Reconciling AIAnalysis","aianalysis":{"name":"ai-rr-4309bc63be09-59d3c641","namespace":"kubernaut-system"}}
{"level":"info","ts":"2026-10-02T04:41:21Z","logger":"controllers.AIAnalysis","msg":"Reconciling AIAnalysis","aianalysis":{"name":"ai-rr-4309bc63be09-59d3c641","namespace":"kubernaut-system"}}
{"level":"info","ts":"2026-10-02T04:41:21Z","logger":"controllers.AIAnalysis","msg":"Reconciling AIAnalysis","aianalysis":{"name":"ai-rr-4309bc63be09-59d3c641","namespace":"kubernaut-system"}}
{"level":"info","ts":"2026-10-02T04:41:21Z","logger":"controllers.AIAnalysis","msg":"Processing Pending phase","phase":"Pending","name":"ai-rr-4309bc63be09-59d3c641"}
{"level":"info","ts":"2026-10-02T04:41:21Z","logger":"controllers.AIAnalysis","msg":"Reconciling AIAnalysis","aianalysis":{"name":"ai-rr-4309bc63be09-59d3c641","namespace":"kubernaut-system"}}
{"level":"info","ts":"2026-10-02T04:41:21Z","logger":"controllers.AIAnalysis","msg":"Processing Investigating phase","phase":"Investigating","name":"ai-rr-4309bc63be09-59d3c641"}
{"level":"info","ts":"2026-10-02T04:41:21Z","logger":"controllers.AIAnalysis.investigating-handler","msg":"Processing Investigating phase","name":"ai-rr-4309bc63be09-59d3c641"}
{"level":"info","ts":"2026-10-02T04:41:21Z","msg":"Created AgentSession","controller":"aianalysis","controllerGroup":"kubernaut.ai","controllerKind":"AIAnalysis","AIAnalysis":{"name":"ai-rr-4309bc63be09-59d3c641","namespace":"kubernaut-system"},"namespace":"kubernaut-system","name":"ai-rr-4309bc63be09-59d3c641","reconcileID":"76815e3d-25ff-4c05-ac8b-4cee2fa198d5","aianalysis":"ai-rr-4309bc63be09-59d3c641","namespace":"kubernaut-system","name":"as-rr-4309bc63be09-59d3c641"}
{"level":"info","ts":"2026-10-02T04:41:21Z","logger":"controllers.AIAnalysis.investigating-handler","msg":"AgentSession created","agentSession":"as-rr-4309bc63be09-59d3c641"}
{"level":"info","ts":"2026-10-02T04:41:21Z","logger":"controllers.AIAnalysis.investigating-handler","msg":"Investigation still in progress, requeuing","agentSession":"as-rr-4309bc63be09-59d3c641","phase":"","nextCheckIn":599.226091895,"pollCount":0}
{"level":"info","ts":"2026-10-02T04:41:21Z","logger":"controllers.AIAnalysis","msg":"Reconciling AIAnalysis","aianalysis":{"name":"ai-rr-4309bc63be09-59d3c641","namespace":"kubernaut-system"}}
{"level":"info","ts":"2026-10-02T04:41:21Z","logger":"controllers.AIAnalysis","msg":"Processing Investigating phase","phase":"Investigating","name":"ai-rr-4309bc63be09-59d3c641"}
{"level":"info","ts":"2026-10-02T04:41:21Z","logger":"controllers.AIAnalysis.investigating-handler","msg":"Processing Investigating phase","name":"ai-rr-4309bc63be09-59d3c641"}
{"level":"info","ts":"2026-10-02T04:41:21Z","logger":"controllers.AIAnalysis.investigating-handler","msg":"Investigation still in progress, requeuing","agentSession":"as-rr-4309bc63be09-59d3c641","phase":"","nextCheckIn":599.177821233,"pollCount":1}
{"level":"info","ts":"2026-10-02T04:41:21Z","logger":"controllers.AIAnalysis","msg":"Reconciling AIAnalysis","aianalysis":{"name":"ai-rr-4309bc63be09-59d3c641","namespace":"kubernaut-system"}}
{"level":"info","ts":"2026-10-02T04:41:21Z","logger":"controllers.AIAnalysis","msg":"Processing Investigating phase","phase":"Investigating","name":"ai-rr-4309bc63be09-59d3c641"}
{"level":"info","ts":"2026-10-02T04:41:21Z","logger":"controllers.AIAnalysis.investigating-handler","msg":"Processing Investigating phase","name":"ai-rr-4309bc63be09-59d3c641"}
{"level":"info","ts":"2026-10-02T04:41:21Z","logger":"controllers.AIAnalysis.investigating-handler","msg":"Investigation still in progress, requeuing","agentSession":"as-rr-4309bc63be09-59d3c641","phase":"","nextCheckIn":599.132167052,"pollCount":2}
{"level":"info","ts":"2026-10-02T04:41:21Z","logger":"controllers.AIAnalysis","msg":"Reconciling AIAnalysis","aianalysis":{"name":"ai-rr-4309bc63be09-59d3c641","namespace":"kubernaut-system"}}
{"level":"info","ts":"2026-10-02T04:41:21Z","logger":"controllers.AIAnalysis","msg":"Processing Investigating phase","phase":"Investigating","name":"ai-rr-4309bc63be09-59d3c641"}
{"level":"info","ts":"2026-10-02T04:41:21Z","logger":"controllers.AIAnalysis.investigating-handler","msg":"Processing Investigating phase","name":"ai-rr-4309bc63be09-59d3c641"}
{"level":"info","ts":"2026-10-02T04:41:21Z","logger":"controllers.AIAnalysis.investigating-handler","msg":"Investigation still in progress, requeuing","agentSession":"as-rr-4309bc63be09-59d3c641","phase":"Investigating","nextCheckIn":599.047647539,"pollCount":3}
{"level":"info","ts":"2026-10-02T04:42:27Z","logger":"controllers.AIAnalysis","msg":"Reconciling AIAnalysis","aianalysis":{"name":"ai-rr-4309bc63be09-59d3c641","namespace":"kubernaut-system"}}
{"level":"info","ts":"2026-10-02T04:42:27Z","logger":"controllers.AIAnalysis","msg":"Processing Investigating phase","phase":"Investigating","name":"ai-rr-4309bc63be09-59d3c641"}
{"level":"info","ts":"2026-10-02T04:42:27Z","logger":"controllers.AIAnalysis.investigating-handler","msg":"Processing Investigating phase","name":"ai-rr-4309bc63be09-59d3c641"}
{"level":"info","ts":"2026-10-02T04:42:27Z","logger":"controllers.AIAnalysis.investigating-handler","msg":"KA session completed, processing result","agentSession":"as-rr-4309bc63be09-59d3c641","sessionID":"4486aa52-05b5-4688-882c-fecb0cf262e0","pollCount":4}
{"level":"info","ts":"2026-10-02T04:42:27Z","logger":"controllers.AIAnalysis.response-processor","msg":"Populated PostRCAContext from KA detected_labels","gitOpsManaged":false,"stateful":false,"failedDetections":[]}
{"level":"info","ts":"2026-10-02T04:42:27Z","logger":"controllers.AIAnalysis.response-processor","msg":"Processing successful incident response","confidence":0.96,"warningsCount":0,"hasSelectedWorkflow":true,"needsHumanReview":false}
{"level":"info","ts":"2026-10-02T04:42:27Z","logger":"controllers.AIAnalysis","msg":"Phase changed, requeuing","phase":"Investigating","name":"ai-rr-4309bc63be09-59d3c641","from":"Investigating","to":"Analyzing"}
{"level":"info","ts":"2026-10-02T04:42:27Z","logger":"controllers.AIAnalysis","msg":"Reconciling AIAnalysis","aianalysis":{"name":"ai-rr-4309bc63be09-59d3c641","namespace":"kubernaut-system"}}
{"level":"info","ts":"2026-10-02T04:42:27Z","logger":"controllers.AIAnalysis","msg":"Processing Analyzing phase","phase":"Analyzing","name":"ai-rr-4309bc63be09-59d3c641"}
{"level":"info","ts":"2026-10-02T04:42:27Z","logger":"controllers.AIAnalysis.analyzing-handler","msg":"Processing Analyzing phase","name":"ai-rr-4309bc63be09-59d3c641"}
{"level":"info","ts":"2026-10-02T04:42:27Z","logger":"controllers.AIAnalysis.analyzing-handler","msg":"Rego evaluation complete","approvalRequired":false,"degraded":false,"reason":"Auto-approved"}
{"level":"info","ts":"2026-10-02T04:42:27Z","logger":"controllers.AIAnalysis.analyzing-handler","msg":"Analysis completed","name":"ai-rr-4309bc63be09-59d3c641","approvalRequired":false}
{"level":"info","ts":"2026-10-02T04:42:27Z","logger":"controllers.AIAnalysis","msg":"Phase changed, requeuing","phase":"Analyzing","name":"ai-rr-4309bc63be09-59d3c641","from":"Analyzing","to":"Completed"}
{"level":"info","ts":"2026-10-02T04:42:27Z","logger":"controllers.AIAnalysis","msg":"Reconciling AIAnalysis","aianalysis":{"name":"ai-rr-4309bc63be09-59d3c641","namespace":"kubernaut-system"}}
{"level":"info","ts":"2026-10-02T04:42:27Z","logger":"controllers.AIAnalysis","msg":"AIAnalysis in terminal state","aianalysis":{"name":"ai-rr-4309bc63be09-59d3c641","namespace":"kubernaut-system"},"phase":"Completed"}
