{"level":"info","ts":"2026-10-02T22:47:07Z","logger":"controllers.AIAnalysis","msg":"Reconciling AIAnalysis","aianalysis":{"name":"ai-rr-5141270197ec-bcaf6130","namespace":"kubernaut-system"}}
{"level":"info","ts":"2026-10-02T22:47:08Z","logger":"controllers.AIAnalysis","msg":"Reconciling AIAnalysis","aianalysis":{"name":"ai-rr-5141270197ec-bcaf6130","namespace":"kubernaut-system"}}
{"level":"info","ts":"2026-10-02T22:47:08Z","logger":"controllers.AIAnalysis","msg":"Reconciling AIAnalysis","aianalysis":{"name":"ai-rr-5141270197ec-bcaf6130","namespace":"kubernaut-system"}}
{"level":"info","ts":"2026-10-02T22:47:08Z","logger":"controllers.AIAnalysis","msg":"Processing Pending phase","phase":"Pending","name":"ai-rr-5141270197ec-bcaf6130"}
{"level":"info","ts":"2026-10-02T22:47:08Z","logger":"controllers.AIAnalysis","msg":"Reconciling AIAnalysis","aianalysis":{"name":"ai-rr-5141270197ec-bcaf6130","namespace":"kubernaut-system"}}
{"level":"info","ts":"2026-10-02T22:47:08Z","logger":"controllers.AIAnalysis","msg":"Processing Investigating phase","phase":"Investigating","name":"ai-rr-5141270197ec-bcaf6130"}
{"level":"info","ts":"2026-10-02T22:47:08Z","logger":"controllers.AIAnalysis.investigating-handler","msg":"Processing Investigating phase","name":"ai-rr-5141270197ec-bcaf6130"}
{"level":"info","ts":"2026-10-02T22:47:08Z","msg":"Created AgentSession","controller":"aianalysis","controllerGroup":"kubernaut.ai","controllerKind":"AIAnalysis","AIAnalysis":{"name":"ai-rr-5141270197ec-bcaf6130","namespace":"kubernaut-system"},"namespace":"kubernaut-system","name":"ai-rr-5141270197ec-bcaf6130","reconcileID":"e34a94d2-7e80-489a-ac00-5d368435cb94","aianalysis":"ai-rr-5141270197ec-bcaf6130","namespace":"kubernaut-system","name":"as-rr-5141270197ec-bcaf6130"}
{"level":"info","ts":"2026-10-02T22:47:08Z","logger":"controllers.AIAnalysis.investigating-handler","msg":"AgentSession created","agentSession":"as-rr-5141270197ec-bcaf6130"}
{"level":"info","ts":"2026-10-02T22:47:08Z","logger":"controllers.AIAnalysis.investigating-handler","msg":"Investigation still in progress, requeuing","agentSession":"as-rr-5141270197ec-bcaf6130","phase":"","nextCheckIn":598.764551917,"pollCount":0}
{"level":"info","ts":"2026-10-02T22:47:08Z","logger":"controllers.AIAnalysis","msg":"Reconciling AIAnalysis","aianalysis":{"name":"ai-rr-5141270197ec-bcaf6130","namespace":"kubernaut-system"}}
{"level":"info","ts":"2026-10-02T22:47:08Z","logger":"controllers.AIAnalysis","msg":"Processing Investigating phase","phase":"Investigating","name":"ai-rr-5141270197ec-bcaf6130"}
{"level":"info","ts":"2026-10-02T22:47:08Z","logger":"controllers.AIAnalysis.investigating-handler","msg":"Processing Investigating phase","name":"ai-rr-5141270197ec-bcaf6130"}
{"level":"info","ts":"2026-10-02T22:47:08Z","logger":"controllers.AIAnalysis.investigating-handler","msg":"Investigation still in progress, requeuing","agentSession":"as-rr-5141270197ec-bcaf6130","phase":"","nextCheckIn":598.71801137,"pollCount":1}
{"level":"info","ts":"2026-10-02T22:47:08Z","logger":"controllers.AIAnalysis","msg":"Reconciling AIAnalysis","aianalysis":{"name":"ai-rr-5141270197ec-bcaf6130","namespace":"kubernaut-system"}}
{"level":"info","ts":"2026-10-02T22:47:08Z","logger":"controllers.AIAnalysis","msg":"Processing Investigating phase","phase":"Investigating","name":"ai-rr-5141270197ec-bcaf6130"}
{"level":"info","ts":"2026-10-02T22:47:08Z","logger":"controllers.AIAnalysis.investigating-handler","msg":"Processing Investigating phase","name":"ai-rr-5141270197ec-bcaf6130"}
{"level":"info","ts":"2026-10-02T22:47:08Z","logger":"controllers.AIAnalysis.investigating-handler","msg":"Investigation still in progress, requeuing","agentSession":"as-rr-5141270197ec-bcaf6130","phase":"","nextCheckIn":598.676317487,"pollCount":2}
{"level":"info","ts":"2026-10-02T22:47:08Z","logger":"controllers.AIAnalysis","msg":"Reconciling AIAnalysis","aianalysis":{"name":"ai-rr-5141270197ec-bcaf6130","namespace":"kubernaut-system"}}
{"level":"info","ts":"2026-10-02T22:47:08Z","logger":"controllers.AIAnalysis","msg":"Processing Investigating phase","phase":"Investigating","name":"ai-rr-5141270197ec-bcaf6130"}
{"level":"info","ts":"2026-10-02T22:47:08Z","logger":"controllers.AIAnalysis.investigating-handler","msg":"Processing Investigating phase","name":"ai-rr-5141270197ec-bcaf6130"}
{"level":"info","ts":"2026-10-02T22:47:08Z","logger":"controllers.AIAnalysis.investigating-handler","msg":"Investigation still in progress, requeuing","agentSession":"as-rr-5141270197ec-bcaf6130","phase":"Investigating","nextCheckIn":598.595642411,"pollCount":3}
{"level":"info","ts":"2026-10-02T22:47:50Z","logger":"controllers.AIAnalysis","msg":"Reconciling AIAnalysis","aianalysis":{"name":"ai-rr-5141270197ec-bcaf6130","namespace":"kubernaut-system"}}
{"level":"info","ts":"2026-10-02T22:47:50Z","logger":"controllers.AIAnalysis","msg":"Processing Investigating phase","phase":"Investigating","name":"ai-rr-5141270197ec-bcaf6130"}
{"level":"info","ts":"2026-10-02T22:47:50Z","logger":"controllers.AIAnalysis.investigating-handler","msg":"Processing Investigating phase","name":"ai-rr-5141270197ec-bcaf6130"}
{"level":"info","ts":"2026-10-02T22:47:50Z","logger":"controllers.AIAnalysis.investigating-handler","msg":"KA session completed, processing result","agentSession":"as-rr-5141270197ec-bcaf6130","sessionID":"95e7084e-6f87-46f9-8f42-92b466910949","pollCount":4}
{"level":"info","ts":"2026-10-02T22:47:50Z","logger":"controllers.AIAnalysis.response-processor","msg":"Populated PostRCAContext from KA detected_labels","gitOpsManaged":false,"stateful":true,"failedDetections":[]}
{"level":"info","ts":"2026-10-02T22:47:50Z","logger":"controllers.AIAnalysis.response-processor","msg":"Processing successful incident response","confidence":0,"warningsCount":1,"hasSelectedWorkflow":false,"needsHumanReview":true}
{"level":"info","ts":"2026-10-02T22:47:50Z","logger":"controllers.AIAnalysis.response-processor","msg":"Workflow resolution failed, requires human review","warnings":["Human review required: tool budget exhausted during RCA (maxTurns=40)"],"humanReviewReason":"rca_incomplete","hasPartialWorkflow":false}
{"level":"info","ts":"2026-10-02T22:47:50Z","logger":"controllers.AIAnalysis","msg":"Phase changed, requeuing","phase":"Investigating","name":"ai-rr-5141270197ec-bcaf6130","from":"Investigating","to":"Failed"}
{"level":"info","ts":"2026-10-02T22:47:50Z","logger":"controllers.AIAnalysis","msg":"Reconciling AIAnalysis","aianalysis":{"name":"ai-rr-5141270197ec-bcaf6130","namespace":"kubernaut-system"}}
{"level":"info","ts":"2026-10-02T22:47:50Z","logger":"controllers.AIAnalysis","msg":"AIAnalysis in terminal state","aianalysis":{"name":"ai-rr-5141270197ec-bcaf6130","namespace":"kubernaut-system"},"phase":"Failed"}
