  Operator-managed Prometheus is installed.
==> Default preflight: metrics-pipeline...
  Preflight [metrics-pipeline]: checking kube-state-metrics...
  Preflight [metrics-pipeline]: OK (1 series)
==> Seeding ActionType CRDs...
==> Seeding RemediationWorkflow CRDs (namespace: kubernaut-system)...
    SKIP disk-pressure-emptydir.yaml (engine: ansible — no AWX/AAP found)
    Applied 33 workflow(s), skipped 1, failed 0.
[18:45:02] Starting DataStorage port-forward (localhost:30081 -> svc/data-storage-service:8081)...
[18:45:03] DataStorage port-forward ready

  ━━━━━━━━━━━━━━━━━━━━━━━━━━━━━━━━━━━━━━━━━━━━━━━━━━━━━━━━
    Scenario: etcd-defrag-forecast
  ━━━━━━━━━━━━━━━━━━━━━━━━━━━━━━━━━━━━━━━━━━━━━━━━━━━━━━━━

[18:45:03] Running etcd-defrag-forecast/run.sh...
=============================================
 etcd Defrag Forecast Demo
=============================================

==> [spoke=/Users/jgil/.kube/kubernaut-remote-cluster-config] Deploying scenario resources...
==> [fleet] Deploying workload manifests to spoke (skipping operator monitoring kinds -- see fleet_deploy_monitoring)...
    namespace/demo-datastore created
    service/etcd-client created
    service/etcd-headless created
    statefulset.apps/etcd created
  Applied 4 document(s) to spoke, skipped 2 (monitoring kinds).
  [fleet] kube-state-metrics already deployed on spoke.
==> [fleet] Deploying monitoring CRDs to spoke (operator-native, no config surgery)...
    prometheusrule.monitoring.coreos.com/demo-app-alerts created
    Set cluster=remote-cluster on alert rules in doc-4.yaml.
    servicemonitor.monitoring.coreos.com/etcd-metrics created
  Applied 2 monitoring document(s) to spoke, skipped 4 (workload kinds).
==> [spoke] Waiting for etcd StatefulSet to be ready...
Waiting for 3 pods to be ready...
Waiting for 2 pods to be ready...
Waiting for 1 pods to be ready...
partitioned roll out complete: 3 new pods have been updated...
  etcd cluster ready.
NAME     READY   STATUS    RESTARTS   AGE
etcd-0   1/1     Running   0          21s
etcd-1   1/1     Running   0          21s
etcd-2   1/1     Running   0          21s

==> [spoke] Verifying etcd cluster health...
+------------------+---------+--------+-------------------------------------------------------------------+-------------------------------------------------------------------+------------+
|        ID        | STATUS  |  NAME  |                            PEER ADDRS                             |                           CLIENT ADDRS                            | IS LEARNER |
+------------------+---------+--------+-------------------------------------------------------------------+-------------------------------------------------------------------+------------+
| 524763e4f8cc643c | started | etcd-2 | http://etcd-2.etcd-headless.demo-datastore.svc.cluster.local:2380 | http://etcd-2.etcd-headless.demo-datastore.svc.cluster.local:2379 |      false |
| 92fbdf45ad944128 | started | etcd-1 | http://etcd-1.etcd-headless.demo-datastore.svc.cluster.local:2380 | http://etcd-1.etcd-headless.demo-datastore.svc.cluster.local:2379 |      false |
| d4196801af5ab9c3 | started | etcd-0 | http://etcd-0.etcd-headless.demo-datastore.svc.cluster.local:2380 | http://etcd-0.etcd-headless.demo-datastore.svc.cluster.local:2379 |      false |
+------------------+---------+--------+-------------------------------------------------------------------+-------------------------------------------------------------------+------------+

==> [spoke] Waiting for Prometheus to scrape etcd metrics (30s)...
==> [spoke] Injecting etcd fragmentation...
==> Injecting etcd fragmentation in demo-datastore...
    Target: 300 keys x 195KB = ~57 MB

configmap/etcd-inject-script created
==> Starting injector pod (writing keys)...
    Written: 100/300
    Written: 200/300
    Written: 300/300
    Written: 300/300 keys.

==> Phase 2: Write complete. Deletion will be handled externally via etcdctl.
pod "etcd-injector" deleted from demo-datastore namespace

==> Phase 3: Deleting all keys via etcdctl...
    Deleted 300 keys.

==> Phase 4: Compacting to reclaim revision space...
compacted revision 302
    Compacted to revision 302.

==> Phase 5: Flushing boltdb freelist...
OK

==> Fragmentation injection complete.
    dbSize is large (from written data) but dbSizeInUse is tiny (all keys deleted).
    Fragmentation ratio should be >90%.

==> [spoke] Fault injected. Run fleet/hub.sh (or ../run.sh) to confirm the alert on the hub.

==> [hub=/Users/jgil/.kube/kubernaut-hub-config] Waiting for alert (30s 'for' clause; expect ~1 min)...
==> [fleet] Waiting for alert 'EtcdHighFragmentationRatio' (namespace=demo-datastore, cluster=remote-cluster) on hub Alertmanager (timeout 600s)...
  alert 'EtcdHighFragmentationRatio' (namespace=demo-datastore, cluster=remote-cluster) is firing.

==> Alert is firing. Driving full remediation pipeline on the hub (--auto-approve)...
[18:46:58] Waiting for RemediationRequest (target: demo-datastore)...
[18:47:04] RemediationRequest rr-5141270197ec-bcaf6130 created -> Phase: Processing
[18:47:04] Polling pipeline (timeout: 600s, approval: --auto-approve)...
[18:47:15] Phase: Processing -> Analyzing
[18:47:15] AI Analysis in progress...
[18:47:56] Phase: Analyzing -> Completed

           AI Analysis
           ──────────────────────────────────────────
           Root Cause:    N/A
           Severity:      critical
           Target:        StatefulSet/etcd (ns: demo-datastore)
           Workflow:      N/A (N/A)
           Confidence:    N/A
           Approval:      not required

[18:47:57] Pipeline completed (outcome: ManualReviewRequired)
[18:47:57] Waiting for EffectivenessAssessment...
           (no EffectivenessAssessment created)
[18:49:01] Running etcd-defrag-forecast/fleet/validate.sh...
           Fleet runner already confirmed and processed EtcdHighFragmentationRatio; skipping duplicate alert wait.
           Fleet runner already completed the pipeline for demo-datastore; skipping duplicate RR wait.
           Fleet runner already completed the pipeline for demo-datastore; skipping duplicate pipeline poll.
[18:49:03] Running assertions...
           [PASS] RR phase = Completed
           [FAIL] RR outcome = ManualReviewRequired (expected: Remediated)
           [PASS] SP phase = Completed
           [FAIL] AA phase = Failed (expected: Completed)
           [FAIL] AA selected a workflow =  (should not be )
           [FAIL] AA selected defrag-etcd workflow does not contain "defrag-etcd"
           [FAIL] Manual approval was required =  (expected: true)
[18:49:04] [FAIL] RCA does not mention fragmentation (got: )
           [PASS] RCA target kind = StatefulSet
           [PASS] RCA target name is etcd = etcd
           [FAIL] WFE phase =  (expected: Completed)
[18:49:05] Checking post-defrag fragmentation ratio...
[18:49:20]   etcd-0: fragmentation=99% (db=65650688 bytes)
[18:49:21]   etcd-1: fragmentation=99% (db=64450560 bytes)
[18:49:21]   etcd-2: fragmentation=99% (db=66252800 bytes)
[18:49:21] [FAIL] Post-defrag fragmentation still too high on all members

           Scenario Assertions
           ──────────────────────────────────────────

           ============================================
            RESULT: FAIL (4/12 passed, 8 failed)
           ============================================


  ━━━━━━━━━━━━━━━━━━━━━━━━━━━━━━━━━━━━━━━━━━━━━━━━━━━━━━━━
    Summary
  ━━━━━━━━━━━━━━━━━━━━━━━━━━━━━━━━━━━━━━━━━━━━━━━━━━━━━━━━

  Scenario                        Result    Duration
  ──────────────────────────────  ────────  ────────
  etcd-defrag-forecast            FAIL      4m 18s

  Total: 4m 19s | 0 passed, 1 failed

