{"level":"info","ts":"2026-10-01T19:55:19Z","logger":"controllers.AIAnalysis","msg":"Reconciling AIAnalysis","aianalysis":{"name":"ai-rr-7f1635052972-0a08bdf0","namespace":"kubernaut-system"}}
{"level":"info","ts":"2026-10-01T19:55:19Z","logger":"controllers.AIAnalysis","msg":"Reconciling AIAnalysis","aianalysis":{"name":"ai-rr-7f1635052972-0a08bdf0","namespace":"kubernaut-system"}}
{"level":"info","ts":"2026-10-01T19:55:19Z","logger":"controllers.AIAnalysis","msg":"Reconciling AIAnalysis","aianalysis":{"name":"ai-rr-7f1635052972-0a08bdf0","namespace":"kubernaut-system"}}
{"level":"info","ts":"2026-10-01T19:55:19Z","logger":"controllers.AIAnalysis","msg":"Processing Pending phase","phase":"Pending","name":"ai-rr-7f1635052972-0a08bdf0"}
{"level":"info","ts":"2026-10-01T19:55:19Z","logger":"controllers.AIAnalysis","msg":"Reconciling AIAnalysis","aianalysis":{"name":"ai-rr-7f1635052972-0a08bdf0","namespace":"kubernaut-system"}}
{"level":"info","ts":"2026-10-01T19:55:19Z","logger":"controllers.AIAnalysis","msg":"Processing Investigating phase","phase":"Investigating","name":"ai-rr-7f1635052972-0a08bdf0"}
{"level":"info","ts":"2026-10-01T19:55:19Z","logger":"controllers.AIAnalysis.investigating-handler","msg":"Processing Investigating phase","name":"ai-rr-7f1635052972-0a08bdf0"}
{"level":"info","ts":"2026-10-01T19:55:19Z","msg":"Created AgentSession","controller":"aianalysis","controllerGroup":"kubernaut.ai","controllerKind":"AIAnalysis","AIAnalysis":{"name":"ai-rr-7f1635052972-0a08bdf0","namespace":"kubernaut-system"},"namespace":"kubernaut-system","name":"ai-rr-7f1635052972-0a08bdf0","reconcileID":"853ea028-7858-4c8b-82f6-7ee2f13de403","aianalysis":"ai-rr-7f1635052972-0a08bdf0","namespace":"kubernaut-system","name":"as-rr-7f1635052972-0a08bdf0"}
{"level":"info","ts":"2026-10-01T19:55:19Z","logger":"controllers.AIAnalysis.investigating-handler","msg":"AgentSession created","agentSession":"as-rr-7f1635052972-0a08bdf0"}
{"level":"info","ts":"2026-10-01T19:55:19Z","logger":"controllers.AIAnalysis.investigating-handler","msg":"Investigation still in progress, requeuing","agentSession":"as-rr-7f1635052972-0a08bdf0","phase":"","nextCheckIn":599.16256054,"pollCount":0}
{"level":"info","ts":"2026-10-01T19:55:19Z","logger":"controllers.AIAnalysis","msg":"Reconciling AIAnalysis","aianalysis":{"name":"ai-rr-7f1635052972-0a08bdf0","namespace":"kubernaut-system"}}
{"level":"info","ts":"2026-10-01T19:55:19Z","logger":"controllers.AIAnalysis","msg":"Processing Investigating phase","phase":"Investigating","name":"ai-rr-7f1635052972-0a08bdf0"}
{"level":"info","ts":"2026-10-01T19:55:19Z","logger":"controllers.AIAnalysis.investigating-handler","msg":"Processing Investigating phase","name":"ai-rr-7f1635052972-0a08bdf0"}
{"level":"info","ts":"2026-10-01T19:55:19Z","logger":"controllers.AIAnalysis.investigating-handler","msg":"Investigation still in progress, requeuing","agentSession":"as-rr-7f1635052972-0a08bdf0","phase":"","nextCheckIn":599.092215477,"pollCount":1}
{"level":"info","ts":"2026-10-01T19:55:20Z","logger":"controllers.AIAnalysis","msg":"Reconciling AIAnalysis","aianalysis":{"name":"ai-rr-7f1635052972-0a08bdf0","namespace":"kubernaut-system"}}
{"level":"info","ts":"2026-10-01T19:55:20Z","logger":"controllers.AIAnalysis","msg":"Processing Investigating phase","phase":"Investigating","name":"ai-rr-7f1635052972-0a08bdf0"}
{"level":"info","ts":"2026-10-01T19:55:20Z","logger":"controllers.AIAnalysis.investigating-handler","msg":"Processing Investigating phase","name":"ai-rr-7f1635052972-0a08bdf0"}
{"level":"info","ts":"2026-10-01T19:55:20Z","logger":"controllers.AIAnalysis.investigating-handler","msg":"Investigation still in progress, requeuing","agentSession":"as-rr-7f1635052972-0a08bdf0","phase":"Investigating","nextCheckIn":598.955363881,"pollCount":2}
{"level":"info","ts":"2026-10-01T19:56:26Z","logger":"controllers.AIAnalysis","msg":"Reconciling AIAnalysis","aianalysis":{"name":"ai-rr-7f1635052972-0a08bdf0","namespace":"kubernaut-system"}}
{"level":"info","ts":"2026-10-01T19:56:26Z","logger":"controllers.AIAnalysis","msg":"Processing Investigating phase","phase":"Investigating","name":"ai-rr-7f1635052972-0a08bdf0"}
{"level":"info","ts":"2026-10-01T19:56:26Z","logger":"controllers.AIAnalysis.investigating-handler","msg":"Processing Investigating phase","name":"ai-rr-7f1635052972-0a08bdf0"}
{"level":"info","ts":"2026-10-01T19:56:26Z","logger":"controllers.AIAnalysis.investigating-handler","msg":"KA session completed, processing result","agentSession":"as-rr-7f1635052972-0a08bdf0","sessionID":"709de8b9-7d05-46b2-9dbf-5006437a1655","pollCount":3}
{"level":"info","ts":"2026-10-01T19:56:26Z","logger":"controllers.AIAnalysis.response-processor","msg":"Populated PostRCAContext from KA detected_labels","gitOpsManaged":false,"stateful":false,"failedDetections":[]}
{"level":"info","ts":"2026-10-01T19:56:26Z","logger":"controllers.AIAnalysis.response-processor","msg":"Processing successful incident response","confidence":0.94,"warningsCount":0,"hasSelectedWorkflow":true,"needsHumanReview":false}
{"level":"info","ts":"2026-10-01T19:56:26Z","logger":"controllers.AIAnalysis","msg":"Phase changed, requeuing","phase":"Investigating","name":"ai-rr-7f1635052972-0a08bdf0","from":"Investigating","to":"Analyzing"}
{"level":"info","ts":"2026-10-01T19:56:26Z","logger":"controllers.AIAnalysis","msg":"Reconciling AIAnalysis","aianalysis":{"name":"ai-rr-7f1635052972-0a08bdf0","namespace":"kubernaut-system"}}
{"level":"info","ts":"2026-10-01T19:56:26Z","logger":"controllers.AIAnalysis","msg":"Processing Analyzing phase","phase":"Analyzing","name":"ai-rr-7f1635052972-0a08bdf0"}
{"level":"info","ts":"2026-10-01T19:56:26Z","logger":"controllers.AIAnalysis.analyzing-handler","msg":"Processing Analyzing phase","name":"ai-rr-7f1635052972-0a08bdf0"}
{"level":"info","ts":"2026-10-01T19:56:26Z","logger":"controllers.AIAnalysis.analyzing-handler","msg":"Rego evaluation complete","approvalRequired":false,"degraded":false,"reason":"Auto-approved"}
{"level":"info","ts":"2026-10-01T19:56:26Z","logger":"controllers.AIAnalysis.analyzing-handler","msg":"Analysis completed","name":"ai-rr-7f1635052972-0a08bdf0","approvalRequired":false}
{"level":"info","ts":"2026-10-01T19:56:26Z","logger":"controllers.AIAnalysis","msg":"Phase changed, requeuing","phase":"Analyzing","name":"ai-rr-7f1635052972-0a08bdf0","from":"Analyzing","to":"Completed"}
{"level":"info","ts":"2026-10-01T19:56:26Z","logger":"controllers.AIAnalysis","msg":"Reconciling AIAnalysis","aianalysis":{"name":"ai-rr-7f1635052972-0a08bdf0","namespace":"kubernaut-system"}}
{"level":"info","ts":"2026-10-01T19:56:26Z","logger":"controllers.AIAnalysis","msg":"AIAnalysis in terminal state","aianalysis":{"name":"ai-rr-7f1635052972-0a08bdf0","namespace":"kubernaut-system"},"phase":"Completed"}
