==> [fleet] Waiting for alert 'KubeNodeNotReady' (namespace=demo-compute, cluster=remote-cluster) on hub Alertmanager (timeout 480s)...
  alert 'KubeNodeNotReady' (namespace=demo-compute, cluster=remote-cluster) is firing.
==> [fleet] Waiting for alert 'KubeNodeNotReady' (namespace=demo-compute, cluster=remote-cluster) on hub Alertmanager (timeout 480s)...
  alert 'KubeNodeNotReady' (namespace=demo-compute, cluster=remote-cluster) is firing.
[12:36:24] Waiting for RemediationRequest (target: demo-compute)...
[12:36:24] RemediationRequest rr-427a0f3fccea-7842ed4f created -> Phase: Analyzing
[12:36:24] Polling pipeline (timeout: 600s, approval: --auto-approve)...
[12:36:24] AI Analysis in progress...
[12:37:05] Phase: Analyzing -> AwaitingApproval

           AI Analysis
           ──────────────────────────────────────────
           Root Cause:    The node became NotReady because its kubelet stopped posting status; evidence points to node/control-plane reachability or kubelet failure rather than a child workload configuration.
           Severity:      critical
           Target:        Node/kubernaut-remote-cluster-worker-1790996710 (ns: )
           Workflow:      85b21e13-729a-5b6b-8e5b-a4a698b6643e (quay.io/kubernaut-cicd/test-workflows/cordon-drain-job@sha256:282c218ff8d4db85d1153dc32132204b927db422bff2513baf53ec99a7826371)
           Confidence:    0.8
           Rationale:     The catalog's preferred and highest-ranked action is CordonDrainNode, ...
           Approval:      not required


           Notification  [Approval | Critical | Sent]
           ──────────────────────────────────────────
           Approval Required: KubeNodeNotReady
           ──────────────────────────────────────────
           **Cluster**: remote-cluster
           
           **Remediation**: rr-427a0f3fccea-7842ed4f
           
           Remediation requires approval:
           
           **Status**: Pending Approval
           
           **Signal**: KubeNodeNotReady
           **Severity**: critical
           
           **Affected Resource**:
           - **Kind**: Node
           - **Name**: kubernaut-remote-cluster-worker-1790996710
           - **Namespace**: demo-compute
           
           **Root Cause Analysis**:
           The node became NotReady because its kubelet stopped posting status; 
           evidence points to node/control-plane reachability or kubelet failure 
           rather than a child workload configuration.
           
           **Confidence**: 80%
           
           **Proposed Workflow**: CordonDrainNode 
           (85b21e13-729a-5b6b-8e5b-a4a698b6643e)
           
           **Approval Reason**: Sensitive resource kind requires manual approval
           
           Please review and approve/reject the remediation.
           
           **Selection Rationale**:
           The catalog's preferred and highest-ranked action is CordonDrainNode, 
           and the RCA confirms a node-scoped NotReady condition with kubelet 
           failure indicators rather than a child workload issue. Cordon and 
           drain protects against new scheduling and relocates workloads if the 
           node failure persists. The exact host failure mode is not confirmed, 
           so execution should ensure the NotReady condition is persistent and 
           that remaining nodes have sufficient capacity, matching the workflow 
           preconditions.

[12:37:06] Waiting for RAR rar-rr-427a0f3fccea-7842ed4f to be created...
remediationapprovalrequest.kubernaut.ai/rar-rr-427a0f3fccea-7842ed4f patched
[12:37:07] Approved RAR rar-rr-427a0f3fccea-7842ed4f
[12:37:17] Phase: AwaitingApproval -> Executing
[12:37:17] WorkflowExecution running...
           WFE Phase: Running
[12:37:27] Phase: Executing -> Verifying
[12:37:27] EffectivenessAssessment verification in progress...
==> [spoke] Unpausing kubernaut-remote-cluster-worker-1790996710 for effectiveness verification...
kubernaut-remote-cluster-worker-1790996710
[12:42:23] Phase: Verifying -> Completed
[12:42:24] Pipeline completed (outcome: Remediated)
[12:42:24] Waiting for EffectivenessAssessment to complete...

           Effectiveness Assessment
           ──────────────────────────────────────────
           Phase:         Completed
           Reason:        Full
           Message:       Assessment completed: Full
           Alert Score:   1
           Health Score:  pending
           Metrics Score: 0.04862122243475908


           Notification  [Completion | Low | Sent]
           ──────────────────────────────────────────
           Remediation Completed: KubeNodeNotReady
           ──────────────────────────────────────────
           **Cluster**: remote-cluster
           
           **Remediation**: rr-427a0f3fccea-7842ed4f
           
           Remediation Completed Successfully
           
           **Status**: Remediated
           
           **Outcome**: Remediated
           
           **Signal**: KubeNodeNotReady
           **Severity**: critical
           
           **Affected Resource**:
           - **Kind**: Node
           - **Name**: kubernaut-remote-cluster-worker-1790996710
           - **Namespace**: demo-compute
           
           **Root Cause Analysis**:
           The node became NotReady because its kubelet stopped posting status; 
           evidence points to node/control-plane reachability or kubelet failure 
           rather than a child workload configuration.
           
           **Workflow Executed**: CordonDrainNode 
           (85b21e13-729a-5b6b-8e5b-a4a698b6643e)
           **Execution Engine**: job
           
           **Selection Rationale**:
           The catalog's preferred and highest-ranked action is CordonDrainNode, 
           and the RCA confirms a node-scoped NotReady condition with kubelet 
           failure indicators rather than a child workload issue. Cordon and 
           drain protects against new scheduling and relocates workloads if the 
           node failure persists. The exact host failure mode is not confirmed, 
           so execution should ensure the NotReady condition is persistent and 
           that remaining nodes have sufficient capacity, matching the workflow 
           preconditions.
           
           **Verification Results**:
           Verification completed: all checks were performed, but some indicate 
           the remediation was not fully effective.
           - Metrics: minimal improvement (score: 0.05)
           
           This incident was automatically detected and remediated by Kubernaut.

