==> [spoke=/Users/jgil/.kube/kubernaut-remote-cluster-config] Deploying scenario resources...
==> [fleet] Deploying workload manifests to spoke (skipping operator monitoring kinds -- see fleet_deploy_monitoring)...
    namespace/demo-compute created
    configmap/web-service-config created
    service/web-service created
    deployment.apps/web-service created
  Applied 4 document(s) to spoke, skipped 2 (monitoring kinds).
  [fleet] kube-state-metrics already deployed on spoke.
==> [fleet] Deploying monitoring CRDs to spoke (operator-native, no config surgery)...
    prometheusrule.monitoring.coreos.com/demo-app-alerts created
    Set cluster=remote-cluster on alert rules in doc-4.yaml.
    servicemonitor.monitoring.coreos.com/demo-app-metrics created
  Applied 2 monitoring document(s) to spoke, skipped 4 (workload kinds).
deployment.apps/web-service condition met
==> [spoke] Labelling kubernaut-remote-cluster-worker-1790996710 for NodeNotReady signal acceptance...
node/kubernaut-remote-cluster-worker-1790996710 not labeled
==> [spoke] Pausing kubernaut-remote-cluster-worker-1790996710 to trigger KubeNodeNotReady...
==> Pausing Kind node container: kubernaut-remote-cluster-worker-1790996710...
kubernaut-remote-cluster-worker-1790996710
==> Node kubernaut-remote-cluster-worker-1790996710 paused. Kubelet will stop heartbeating.
    The node will transition to NotReady within ~40 seconds.
    Watch: kubectl get nodes -w

    To restore (for cleanup): podman unpause kubernaut-remote-cluster-worker-1790996710
==> [fleet] Waiting for alert 'KubeNodeNotReady' (namespace=demo-compute, cluster=remote-cluster) on hub Alertmanager (timeout 480s)...
  alert 'KubeNodeNotReady' (namespace=demo-compute, cluster=remote-cluster) is firing.
==> [fleet] Waiting for alert 'KubeNodeNotReady' (namespace=demo-compute, cluster=remote-cluster) on hub Alertmanager (timeout 480s)...
  alert 'KubeNodeNotReady' (namespace=demo-compute, cluster=remote-cluster) is firing.
[11:54:08] Waiting for RemediationRequest (target: demo-compute)...
[11:56:11] Timed out waiting for RemediationRequest after 120s
