==> [hub=/Users/jgil/.kube/kubernaut-hub-config] Waiting for alert...
==> [fleet] Waiting for alert 'CertManagerCertNotReady' (namespace=demo-portal, cluster=remote-cluster) on hub Alertmanager (timeout 480s)...
  alert 'CertManagerCertNotReady' (namespace=demo-portal, cluster=remote-cluster) is firing.

==> Alert is firing. Driving full remediation pipeline on the hub (--auto-approve)...
==> [hub=/Users/jgil/.kube/kubernaut-hub-config] Waiting for alert...
==> [fleet] Waiting for alert 'CertManagerCertNotReady' (namespace=demo-portal, cluster=remote-cluster) on hub Alertmanager (timeout 480s)...
  alert 'CertManagerCertNotReady' (namespace=demo-portal, cluster=remote-cluster) is firing.

==> Alert is firing. Driving full remediation pipeline on the hub (--auto-approve)...
[21:55:52] Waiting for RemediationRequest (target: demo-portal)...
[21:55:58] RemediationRequest rr-7ab571754c3f-25f377fb created -> Phase: Analyzing
[21:55:58] Polling pipeline (timeout: 600s, approval: --auto-approve)...
[21:55:58] AI Analysis in progress...
[21:56:59] Phase: Analyzing -> Completed

           AI Analysis
           ──────────────────────────────────────────
           Root Cause:    N/A
           Severity:      critical
           Target:        Deployment/demo-app (ns: demo-portal)
           Workflow:      N/A (N/A)
           Confidence:    N/A
           Approval:      not required

[21:57:00] Pipeline completed (outcome: ManualReviewRequired)
[21:57:00] Waiting for EffectivenessAssessment...
           (no EffectivenessAssessment created)
