I1002 01:29:52.968619       1 trigger_controller.go:238] "Certificate must be re-issued" logger="cert-manager.controller" key="demo-portal/demo-app-cert" reason="DoesNotExist" message="Issuing certificate as Secret does not exist"
I1002 01:29:52.968990       1 conditions.go:217] "Setting lastTransitionTime for Certificate condition" logger="cert-manager" certificate="demo-portal/demo-app-cert" condition="Issuing" lastTransitionTime="2026-10-02 01:29:52.968918607 +0000 UTC m=+5328.562686604"
I1002 01:29:52.985409       1 conditions.go:217] "Setting lastTransitionTime for Certificate condition" logger="cert-manager" certificate="demo-portal/demo-app-cert" condition="Ready" lastTransitionTime="2026-10-02 01:29:52.985338089 +0000 UTC m=+5328.579106045"
I1002 01:29:53.051187       1 controller.go:150] "re-queuing item due to optimistic locking on resource" logger="cert-manager.controller" error="Operation cannot be fulfilled on certificates.cert-manager.io \"demo-app-cert\": the object has been modified; please apply your changes to the latest version and try again"
I1002 01:29:53.051638       1 conditions.go:217] "Setting lastTransitionTime for Certificate condition" logger="cert-manager" certificate="demo-portal/demo-app-cert" condition="Ready" lastTransitionTime="2026-10-02 01:29:53.051625402 +0000 UTC m=+5328.645393358"
I1002 01:29:53.097320       1 conditions.go:102] "Setting lastTransitionTime for Issuer condition" logger="cert-manager" issuer="demo-selfsigned-ca" condition="Ready" lastTransitionTime="2026-10-02 01:29:53.097301401 +0000 UTC m=+5328.691069357"
I1002 01:29:53.144713       1 controller.go:150] "re-queuing item due to optimistic locking on resource" logger="cert-manager.controller" error="Operation cannot be fulfilled on certificates.cert-manager.io \"demo-app-cert\": the object has been modified; please apply your changes to the latest version and try again"
I1002 01:29:53.175627       1 conditions.go:285] "Setting lastTransitionTime for CertificateRequest condition" logger="cert-manager" certificateRequest="demo-portal/demo-app-cert-1" condition="Approved" lastTransitionTime="2026-10-02 01:29:53.175580447 +0000 UTC m=+5328.769348445"
I1002 01:29:53.221827       1 conditions.go:285] "Setting lastTransitionTime for CertificateRequest condition" logger="cert-manager" certificateRequest="demo-portal/demo-app-cert-1" condition="Ready" lastTransitionTime="2026-10-02 01:29:53.221801535 +0000 UTC m=+5328.815569533"
I1002 01:29:53.253839       1 conditions.go:201] "Found status change for Certificate condition; setting lastTransitionTime" logger="cert-manager" certificate="demo-portal/demo-app-cert" condition="Ready" oldStatus="False" status="True" lastTransitionTime="2026-10-02 01:29:53.253821452 +0000 UTC m=+5328.847589449"
I1002 01:29:53.263593       1 controller.go:150] "re-queuing item due to optimistic locking on resource" logger="cert-manager.controller" error="Operation cannot be fulfilled on certificates.cert-manager.io \"demo-app-cert\": the object has been modified; please apply your changes to the latest version and try again"
I1002 01:29:53.264170       1 conditions.go:201] "Found status change for Certificate condition; setting lastTransitionTime" logger="cert-manager" certificate="demo-portal/demo-app-cert" condition="Ready" oldStatus="False" status="True" lastTransitionTime="2026-10-02 01:29:53.264164213 +0000 UTC m=+5328.857932169"
I1002 01:29:53.291430       1 controller.go:150] "re-queuing item due to optimistic locking on resource" logger="cert-manager.controller" error="Operation cannot be fulfilled on certificates.cert-manager.io \"demo-app-cert\": the object has been modified; please apply your changes to the latest version and try again"
I1002 01:29:53.293652       1 controller.go:150] "re-queuing item due to optimistic locking on resource" logger="cert-manager.controller" error="Operation cannot be fulfilled on certificates.cert-manager.io \"demo-app-cert\": the object has been modified; please apply your changes to the latest version and try again"
E1002 01:30:14.026914       1 setup.go:50] "error getting signing CA TLS certificate" err="secrets \"demo-ca-key-pair\" not found" logger="cert-manager.controller.setup" resource_name="demo-selfsigned-ca" resource_namespace="" resource_kind="ClusterIssuer" resource_version="v1"
I1002 01:30:14.027619       1 conditions.go:86] "Found status change for Issuer condition; setting lastTransitionTime" logger="cert-manager" issuer="demo-selfsigned-ca" condition="Ready" oldStatus="True" status="False" lastTransitionTime="2026-10-02 01:30:14.027543387 +0000 UTC m=+5349.621311343"
E1002 01:30:14.029994       1 sync.go:62] "error setting up issuer" err="secrets \"demo-ca-key-pair\" not found" logger="cert-manager.controller" resource_name="demo-selfsigned-ca" resource_namespace="" resource_kind="ClusterIssuer" resource_version="v1"
E1002 01:30:14.044578       1 controller.go:155] "re-queuing item due to error processing" err="secrets \"demo-ca-key-pair\" not found" logger="cert-manager.controller"
E1002 01:30:14.046461       1 setup.go:50] "error getting signing CA TLS certificate" err="secrets \"demo-ca-key-pair\" not found" logger="cert-manager.controller.setup" resource_name="demo-selfsigned-ca" resource_namespace="" resource_kind="ClusterIssuer" resource_version="v1"
E1002 01:30:14.046580       1 sync.go:62] "error setting up issuer" err="secrets \"demo-ca-key-pair\" not found" logger="cert-manager.controller" resource_name="demo-selfsigned-ca" resource_namespace="" resource_kind="ClusterIssuer" resource_version="v1"
E1002 01:30:14.046624       1 controller.go:155] "re-queuing item due to error processing" err="secrets \"demo-ca-key-pair\" not found" logger="cert-manager.controller"
I1002 01:30:14.132732       1 trigger_controller.go:238] "Certificate must be re-issued" logger="cert-manager.controller" key="demo-portal/demo-app-cert" reason="DoesNotExist" message="Issuing certificate as Secret does not exist"
I1002 01:30:14.132884       1 conditions.go:217] "Setting lastTransitionTime for Certificate condition" logger="cert-manager" certificate="demo-portal/demo-app-cert" condition="Issuing" lastTransitionTime="2026-10-02 01:30:14.132813263 +0000 UTC m=+5349.726581219"
I1002 01:30:14.133482       1 conditions.go:201] "Found status change for Certificate condition; setting lastTransitionTime" logger="cert-manager" certificate="demo-portal/demo-app-cert" condition="Ready" oldStatus="True" status="False" lastTransitionTime="2026-10-02 01:30:14.133465394 +0000 UTC m=+5349.727233392"
I1002 01:30:14.146051       1 controller.go:150] "re-queuing item due to optimistic locking on resource" logger="cert-manager.controller" error="Operation cannot be fulfilled on certificates.cert-manager.io \"demo-app-cert\": the object has been modified; please apply your changes to the latest version and try again"
I1002 01:30:14.146188       1 trigger_controller.go:238] "Certificate must be re-issued" logger="cert-manager.controller" key="demo-portal/demo-app-cert" reason="DoesNotExist" message="Issuing certificate as Secret does not exist"
I1002 01:30:14.146239       1 conditions.go:217] "Setting lastTransitionTime for Certificate condition" logger="cert-manager" certificate="demo-portal/demo-app-cert" condition="Issuing" lastTransitionTime="2026-10-02 01:30:14.146232219 +0000 UTC m=+5349.740000216"
I1002 01:30:14.189747       1 controller.go:150] "re-queuing item due to optimistic locking on resource" logger="cert-manager.controller" error="Operation cannot be fulfilled on certificates.cert-manager.io \"demo-app-cert\": the object has been modified; please apply your changes to the latest version and try again"
I1002 01:30:14.197507       1 conditions.go:285] "Setting lastTransitionTime for CertificateRequest condition" logger="cert-manager" certificateRequest="demo-portal/demo-app-cert-2" condition="Approved" lastTransitionTime="2026-10-02 01:30:14.197437643 +0000 UTC m=+5349.791205641"
I1002 01:30:14.209325       1 conditions.go:285] "Setting lastTransitionTime for CertificateRequest condition" logger="cert-manager" certificateRequest="demo-portal/demo-app-cert-2" condition="Ready" lastTransitionTime="2026-10-02 01:30:14.20929771 +0000 UTC m=+5349.803065666"
E1002 01:30:19.047543       1 setup.go:50] "error getting signing CA TLS certificate" err="secrets \"demo-ca-key-pair\" not found" logger="cert-manager.controller.setup" resource_name="demo-selfsigned-ca" resource_namespace="" resource_kind="ClusterIssuer" resource_version="v1"
E1002 01:30:19.049848       1 sync.go:62] "error setting up issuer" err="secrets \"demo-ca-key-pair\" not found" logger="cert-manager.controller" resource_name="demo-selfsigned-ca" resource_namespace="" resource_kind="ClusterIssuer" resource_version="v1"
E1002 01:30:19.050355       1 controller.go:155] "re-queuing item due to error processing" err="secrets \"demo-ca-key-pair\" not found" logger="cert-manager.controller"
E1002 01:30:39.053541       1 setup.go:50] "error getting signing CA TLS certificate" err="secrets \"demo-ca-key-pair\" not found" logger="cert-manager.controller.setup" resource_name="demo-selfsigned-ca" resource_namespace="" resource_kind="ClusterIssuer" resource_version="v1"
E1002 01:30:39.055035       1 sync.go:62] "error setting up issuer" err="secrets \"demo-ca-key-pair\" not found" logger="cert-manager.controller" resource_name="demo-selfsigned-ca" resource_namespace="" resource_kind="ClusterIssuer" resource_version="v1"
E1002 01:30:39.055751       1 controller.go:155] "re-queuing item due to error processing" err="secrets \"demo-ca-key-pair\" not found" logger="cert-manager.controller"
E1002 01:31:19.058674       1 setup.go:50] "error getting signing CA TLS certificate" err="secrets \"demo-ca-key-pair\" not found" logger="cert-manager.controller.setup" resource_name="demo-selfsigned-ca" resource_namespace="" resource_kind="ClusterIssuer" resource_version="v1"
E1002 01:31:19.060150       1 sync.go:62] "error setting up issuer" err="secrets \"demo-ca-key-pair\" not found" logger="cert-manager.controller" resource_name="demo-selfsigned-ca" resource_namespace="" resource_kind="ClusterIssuer" resource_version="v1"
E1002 01:31:19.060708       1 controller.go:155] "re-queuing item due to error processing" err="secrets \"demo-ca-key-pair\" not found" logger="cert-manager.controller"
E1002 01:32:39.220687       1 setup.go:50] "error getting signing CA TLS certificate" err="secrets \"demo-ca-key-pair\" not found" logger="cert-manager.controller.setup" resource_name="demo-selfsigned-ca" resource_namespace="" resource_kind="ClusterIssuer" resource_version="v1"
E1002 01:32:39.223572       1 sync.go:62] "error setting up issuer" err="secrets \"demo-ca-key-pair\" not found" logger="cert-manager.controller" resource_name="demo-selfsigned-ca" resource_namespace="" resource_kind="ClusterIssuer" resource_version="v1"
E1002 01:32:39.243554       1 controller.go:155] "re-queuing item due to error processing" err="secrets \"demo-ca-key-pair\" not found" logger="cert-manager.controller"
E1002 01:35:19.253146       1 setup.go:50] "error getting signing CA TLS certificate" err="secrets \"demo-ca-key-pair\" not found" logger="cert-manager.controller.setup" resource_name="demo-selfsigned-ca" resource_namespace="" resource_kind="ClusterIssuer" resource_version="v1"
E1002 01:35:19.254368       1 sync.go:62] "error setting up issuer" err="secrets \"demo-ca-key-pair\" not found" logger="cert-manager.controller" resource_name="demo-selfsigned-ca" resource_namespace="" resource_kind="ClusterIssuer" resource_version="v1"
E1002 01:35:19.255765       1 controller.go:155] "re-queuing item due to error processing" err="secrets \"demo-ca-key-pair\" not found" logger="cert-manager.controller"
